Archive member included to satisfy reference by file (symbol)

C:\Users\nicol\OneDrive\Documentos\td2_ultimaV\lpc_chip_175x_6x\Debug\liblpc_chip_175x_6x.a(chip_17xx_40xx.o)
                              ./src/c-tds/scheduler_lpc1769.o (SystemCoreClock)
C:\Users\nicol\OneDrive\Documentos\td2_ultimaV\lpc_chip_175x_6x\Debug\liblpc_chip_175x_6x.a(clock_17xx_40xx.o)
                              C:\Users\nicol\OneDrive\Documentos\td2_ultimaV\lpc_chip_175x_6x\Debug\liblpc_chip_175x_6x.a(chip_17xx_40xx.o) (Chip_Clock_EnablePLL)
C:\Users\nicol\OneDrive\Documentos\td2_ultimaV\lpc_chip_175x_6x\Debug\liblpc_chip_175x_6x.a(i2s_17xx_40xx.o)
                              ./src/tasks/ADC_DAC/i2s_hw_init.o (Chip_I2S_Init)
C:\Users\nicol\OneDrive\Documentos\td2_ultimaV\lpc_chip_175x_6x\Debug\liblpc_chip_175x_6x.a(iocon_17xx_40xx.o)
                              ./src/tasks/WATCHDOG/task-watchdog_lpc1769.o (Chip_IOCON_PinMux)
C:\Users\nicol\OneDrive\Documentos\td2_ultimaV\lpc_chip_175x_6x\Debug\liblpc_chip_175x_6x.a(sysinit_17xx_40xx.o)
                              ./src/tasks/ADC_DAC/i2s_hw_init.o (Chip_SetupXtalClocking)
C:\Users\nicol\OneDrive\Documentos\td2_ultimaV\lpc_chip_175x_6x\Debug\liblpc_chip_175x_6x.a(timer_17xx_40xx.o)
                              ./src/c-tds/monittor_lpc1769.o (Chip_TIMER_Init)
C:\Users\nicol\OneDrive\Documentos\td2_ultimaV\lpc_chip_175x_6x\Debug\liblpc_chip_175x_6x.a(wwdt_17xx_40xx.o)
                              ./src/c-tds/system_lpc1769.o (Chip_WWDT_Init)
C:\Users\nicol\OneDrive\Documentos\td2_ultimaV\CMSIS_DSPLIB_CM3\lib\libCMSIS_DSPLIB_CM3.a(arm_float_to_q31.o)
                              ./src/tasks/DSP/filtrado.o (arm_float_to_q31)
C:\Users\nicol\OneDrive\Documentos\td2_ultimaV\CMSIS_DSPLIB_CM3\lib\libCMSIS_DSPLIB_CM3.a(arm_biquad_cascade_df1_init_q31.o)
                              ./src/tasks/DSP/filtrado.o (arm_biquad_cascade_df1_init_q31)
C:\Users\nicol\OneDrive\Documentos\td2_ultimaV\CMSIS_DSPLIB_CM3\lib\libCMSIS_DSPLIB_CM3.a(arm_biquad_cascade_df1_q31.o)
                              ./src/tasks/DSP/filtrado.o (arm_biquad_cascade_df1_q31)
C:\Users\nicol\OneDrive\Documentos\td2_ultimaV\lpc_board_nxp_lpcxpresso_1769\Debug\liblpc_board_nxp_lpcxpresso_1769.a(board.o)
                              C:\Users\nicol\OneDrive\Documentos\td2_ultimaV\lpc_chip_175x_6x\Debug\liblpc_chip_175x_6x.a(clock_17xx_40xx.o) (OscRateIn)
C:\Users\nicol\OneDrive\Documentos\td2_ultimaV\lpc_board_nxp_lpcxpresso_1769\Debug\liblpc_board_nxp_lpcxpresso_1769.a(board_sysinit.o)
                              ./src/sysinit.o (Board_SystemInit)
c:/nxp/mcuxpressoide_10.3.1_2233/ide/plugins/com.nxp.mcuxpresso.tools.win32_10.3.0.201811011841/tools/bin/../lib/gcc/arm-none-eabi/7.3.1/../../../../arm-none-eabi/lib/thumb/v7-m\libcr_c.a(memcpy.o)
                              C:\Users\nicol\OneDrive\Documentos\td2_ultimaV\lpc_board_nxp_lpcxpresso_1769\Debug\liblpc_board_nxp_lpcxpresso_1769.a(board.o) (memcpy)
c:/nxp/mcuxpressoide_10.3.1_2233/ide/plugins/com.nxp.mcuxpresso.tools.win32_10.3.0.201811011841/tools/bin/../lib/gcc/arm-none-eabi/7.3.1/../../../../arm-none-eabi/lib/thumb/v7-m\libcr_c.a(memset.o)
                              ./src/c-tds/scheduler_lpc1769.o (memset)
c:/nxp/mcuxpressoide_10.3.1_2233/ide/plugins/com.nxp.mcuxpresso.tools.win32_10.3.0.201811011841/tools/bin/../lib/gcc/arm-none-eabi/7.3.1/../../../../arm-none-eabi/lib/thumb/v7-m\libcr_c.a(__weak__main.o)
                              ./src/main/cr_startup_lpc175x_6x.o (__main)
c:/nxp/mcuxpressoide_10.3.1_2233/ide/plugins/com.nxp.mcuxpresso.tools.win32_10.3.0.201811011841/tools/bin/../lib/gcc/arm-none-eabi/7.3.1/thumb/v7-m\libcr_eabihelpers.a(division_64.o)
                              ./src/tasks/ADC_DAC/i2s_hw_init.o (__aeabi_uldivmod)
c:/nxp/mcuxpressoide_10.3.1_2233/ide/plugins/com.nxp.mcuxpresso.tools.win32_10.3.0.201811011841/tools/bin/../lib/gcc/arm-none-eabi/7.3.1/thumb/v7-m\libcr_eabihelpers.a(division_idiv0.o)
                              c:/nxp/mcuxpressoide_10.3.1_2233/ide/plugins/com.nxp.mcuxpresso.tools.win32_10.3.0.201811011841/tools/bin/../lib/gcc/arm-none-eabi/7.3.1/thumb/v7-m\libcr_eabihelpers.a(division_64.o) (__aeabi_idiv0)
c:/nxp/mcuxpressoide_10.3.1_2233/ide/plugins/com.nxp.mcuxpresso.tools.win32_10.3.0.201811011841/tools/bin/../lib/gcc/arm-none-eabi/7.3.1/thumb/v7-m\libcr_eabihelpers.a(float.o)
                              C:\Users\nicol\OneDrive\Documentos\td2_ultimaV\CMSIS_DSPLIB_CM3\lib\libCMSIS_DSPLIB_CM3.a(arm_float_to_q31.o) (__aeabi_fmul)
c:/nxp/mcuxpressoide_10.3.1_2233/ide/plugins/com.nxp.mcuxpresso.tools.win32_10.3.0.201811011841/tools/bin/../lib/gcc/arm-none-eabi/7.3.1/thumb/v7-m\libcr_eabihelpers.a(memcpy.o)
                              c:/nxp/mcuxpressoide_10.3.1_2233/ide/plugins/com.nxp.mcuxpresso.tools.win32_10.3.0.201811011841/tools/bin/../lib/gcc/arm-none-eabi/7.3.1/../../../../arm-none-eabi/lib/thumb/v7-m\libcr_c.a(memcpy.o) (__aeabi_memcpy)

Allocating common symbols
[...]
Memory Configuration

Name             Origin             Length             Attributes
MFlash512        0x00000000         0x00080000         xr
RamLoc32         0x10000000         0x00008000         xrw
RamAHB32         0x2007c000         0x00008000         xrw
*default*        0x00000000         0xffffffff

Linker script and memory map

LOAD ./src/tasks/WATCHDOG/task-watchdog_lpc1769.o
LOAD ./src/tasks/HEARTBEAT/task-heartbeat_lpc1769.o
LOAD ./src/tasks/GPIOS/GpiosTask_lpc1769.o
LOAD ./src/tasks/DSP/filtrado.o
LOAD ./src/tasks/DISPLAY/DisplayTASK.o
LOAD ./src/tasks/DISPLAY/display_func.o
LOAD ./src/tasks/DISPLAY/display_globales.o
LOAD ./src/tasks/DISPLAY/display_int.o
LOAD ./src/tasks/DISPLAY/fonts.o
LOAD ./src/tasks/CONTROL/ControlTask.o
LOAD ./src/tasks/ADC_DAC/AdcTask_lpc1769.o
LOAD ./src/tasks/ADC_DAC/i2s_hw_init.o
LOAD ./src/main/cr_startup_lpc175x_6x.o
LOAD ./src/main/main.o
LOAD ./src/c-tds/monittor_lpc1769.o
LOAD ./src/c-tds/scheduler_lpc1769.o
LOAD ./src/c-tds/system_lpc1769.o
LOAD ./src/crp.o
LOAD ./src/sysinit.o
LOAD C:\Users\nicol\OneDrive\Documentos\td2_ultimaV\lpc_chip_175x_6x\Debug\liblpc_chip_175x_6x.a
LOAD C:\Users\nicol\OneDrive\Documentos\td2_ultimaV\CMSIS_DSPLIB_CM3\lib\libCMSIS_DSPLIB_CM3.a
LOAD C:\Users\nicol\OneDrive\Documentos\td2_ultimaV\lpc_board_nxp_lpcxpresso_1769\Debug\liblpc_board_nxp_lpcxpresso_1769.a
START GROUP
LOAD c:/nxp/mcuxpressoide_10.3.1_2233/ide/plugins/com.nxp.mcuxpresso.tools.win32_10.3.0.201811011841/tools/bin/../lib/gcc/arm-none-eabi/7.3.1/../../../../arm-none-eabi/lib/thumb/v7-m\libcr_c.a
LOAD c:/nxp/mcuxpressoide_10.3.1_2233/ide/plugins/com.nxp.mcuxpresso.tools.win32_10.3.0.201811011841/tools/bin/../lib/gcc/arm-none-eabi/7.3.1/thumb/v7-m\libcr_eabihelpers.a
LOAD c:/nxp/mcuxpressoide_10.3.1_2233/ide/plugins/com.nxp.mcuxpresso.tools.win32_10.3.0.201811011841/tools/bin/../lib/gcc/arm-none-eabi/7.3.1/thumb/v7-m\libgcc.a
END GROUP
                0x00000000                __base_MFlash512 = 0x0
                0x00000000                __base_Flash = 0x0
                0x00080000                __top_MFlash512 = 0x80000
                0x00080000                __top_Flash = 0x80000
                0x10000000                __base_RamLoc32 = 0x10000000
                0x10000000                __base_RAM = 0x10000000
                0x10008000                __top_RamLoc32 = 0x10008000
                0x10008000                __top_RAM = 0x10008000
                0x2007c000                __base_RamAHB32 = 0x2007c000
                0x2007c000                __base_RAM2 = 0x2007c000
                0x20084000                __top_RamAHB32 = 0x20084000
                0x20084000                __top_RAM2 = 0x20084000

.text           0x00000000     0x837c
 FILL mask 0xff
                0x00000000                __vectors_start__ = ABSOLUTE (.)
 *(.isr_vector)
 .isr_vector    0x00000000       0xcc ./src/main/cr_startup_lpc175x_6x.o
                0x00000000                g_pfnVectors
                0x000000cc                . = ALIGN (0x4)
                0x000000cc                __section_table_start = .
                0x000000cc                __data_section_table = .
                0x000000cc        0x4 LONG 0x837c LOADADDR (.data)
                0x000000d0        0x4 LONG 0x10000000 ADDR (.data)
                0x000000d4        0x4 LONG 0x64 SIZEOF (.data)
                0x000000d8        0x4 LONG 0x837c LOADADDR (.data_RAM2)
                0x000000dc        0x4 LONG 0x2007c000 ADDR (.data_RAM2)
                0x000000e0        0x4 LONG 0x0 SIZEOF (.data_RAM2)
                0x000000e4                __data_section_table_end = .
                0x000000e4                __bss_section_table = .
                0x000000e4        0x4 LONG 0x10000064 ADDR (.bss)
                0x000000e8        0x4 LONG 0x490 SIZEOF (.bss)
                0x000000ec        0x4 LONG 0x2007c000 ADDR (.bss_RAM2)
                0x000000f0        0x4 LONG 0x0 SIZEOF (.bss_RAM2)
                0x000000f4                __bss_section_table_end = .
                0x000000f4                __section_table_end = .
 *(.after_vectors*)
 .after_vectors
                0x000000f4      0x12c ./src/main/cr_startup_lpc175x_6x.o
                0x000000f4                data_init
                0x00000136                bss_init
                0x0000016c                ResetISR
                0x000001e4                NMI_Handler
                0x000001ea                HardFault_Handler
                0x000001f0                MemManage_Handler
                0x000001f6                BusFault_Handler
                0x000001fc                UsageFault_Handler
                0x00000202                SVC_Handler
                0x00000208                DebugMon_Handler
                0x0000020e                PendSV_Handler
                0x0000021a                UART1_IRQHandler
                0x0000021a                EINT3_IRQHandler
                0x0000021a                CANActivity_IRQHandler
                0x0000021a                TIMER3_IRQHandler
                0x0000021a                UART0_IRQHandler
                0x0000021a                USBActivity_IRQHandler
                0x0000021a                EINT2_IRQHandler
                0x0000021a                IntDefaultHandler
                0x0000021a                PLL0_IRQHandler
                0x0000021a                I2C0_IRQHandler
                0x0000021a                I2C1_IRQHandler
                0x0000021a                SSP0_IRQHandler
                0x0000021a                I2C2_IRQHandler
                0x0000021a                RTC_IRQHandler
                0x0000021a                SPI_IRQHandler
                0x0000021a                RIT_IRQHandler
                0x0000021a                EINT1_IRQHandler
                0x0000021a                UART2_IRQHandler
                0x0000021a                ADC_IRQHandler
                0x0000021a                SSP1_IRQHandler
                0x0000021a                USB_IRQHandler
                0x0000021a                BOD_IRQHandler
                0x0000021a                PWM1_IRQHandler
                0x0000021a                WDT_IRQHandler
                0x0000021a                PLL1_IRQHandler
                0x0000021a                QEI_IRQHandler
                0x0000021a                EINT0_IRQHandler
                0x0000021a                ETH_IRQHandler
                0x0000021a                CAN_IRQHandler
                0x0000021a                DMA_IRQHandler
                0x0000021a                TIMER2_IRQHandler
                0x0000021a                UART3_IRQHandler
                0x0000021a                MCPWM_IRQHandler
                0x000002fc                . = 0x2fc
 *fill*         0x00000220       0xdc ff
                0x000002fc                PROVIDE (__CRP_WORD_START__ = .)
 *(.crp)
 .crp           0x000002fc        0x4 ./src/crp.o
                0x000002fc                CRP_WORD
                0x00000300                PROVIDE (__CRP_WORD_END__ = .)
                0x00000001                ASSERT (! ((__CRP_WORD_START__ == __CRP_WORD_END__)), Linker CRP Enabled, but no CRP_WORD provided within application)
 *(.text*)
 .text.Chip_GPIO_GetPinState
                0x00000300       0x38 ./src/tasks/WATCHDOG/task-watchdog_lpc1769.o
 .text.Chip_GPIO_ReadPortBit
                0x00000338       0x26 ./src/tasks/WATCHDOG/task-watchdog_lpc1769.o
 .text.Chip_GPIO_SetPinDIRInput
                0x0000035e       0x3a ./src/tasks/WATCHDOG/task-watchdog_lpc1769.o
 .text.Chip_WWDT_SetTimeOut
                0x00000398       0x1a ./src/tasks/WATCHDOG/task-watchdog_lpc1769.o
 .text.Chip_WWDT_Feed
                0x000003b2       0x1e ./src/tasks/WATCHDOG/task-watchdog_lpc1769.o
 .text.Chip_WWDT_SetOption
                0x000003d0       0x20 ./src/tasks/WATCHDOG/task-watchdog_lpc1769.o
 .text.Chip_WWDT_Start
                0x000003f0       0x1e ./src/tasks/WATCHDOG/task-watchdog_lpc1769.o
 *fill*         0x0000040e        0x2 ff
 .text.Chip_WWDT_SelClockSource
                0x00000410       0x24 ./src/tasks/WATCHDOG/task-watchdog_lpc1769.o
 .text.WATCHDOG_Init
                0x00000434       0x90 ./src/tasks/WATCHDOG/task-watchdog_lpc1769.o
                0x00000434                WATCHDOG_Init
 .text.WATCHDOG_Update
                0x000004c4       0x14 ./src/tasks/WATCHDOG/task-watchdog_lpc1769.o
                0x000004c4                WATCHDOG_Update
 .text.Chip_GPIO_SetPinState
                0x000004d8       0x64 ./src/tasks/HEARTBEAT/task-heartbeat_lpc1769.o
 .text.Chip_GPIO_WritePortBit
                0x0000053c       0x2c ./src/tasks/HEARTBEAT/task-heartbeat_lpc1769.o
 .text.Chip_GPIO_SetPinDIROutput
                0x00000568       0x36 ./src/tasks/HEARTBEAT/task-heartbeat_lpc1769.o
 *fill*         0x0000059e        0x2 ff
 .text.HEARTBEAT_Init
                0x000005a0       0x64 ./src/tasks/HEARTBEAT/task-heartbeat_lpc1769.o
                0x000005a0                HEARTBEAT_Init
 .text.HEARTBEAT_Update
                0x00000604      0x1f4 ./src/tasks/HEARTBEAT/task-heartbeat_lpc1769.o
                0x00000604                HEARTBEAT_Update
 .text.Chip_GPIO_GetPinState
                0x000007f8       0x38 ./src/tasks/GPIOS/GpiosTask_lpc1769.o
 .text.Chip_GPIO_SetPinDIROutput
                0x00000830       0x36 ./src/tasks/GPIOS/GpiosTask_lpc1769.o
 .text.Chip_GPIO_SetPinDIRInput
                0x00000866       0x3a ./src/tasks/GPIOS/GpiosTask_lpc1769.o
 .text.Chip_GPIO_SetPinDIR
                0x000008a0       0x42 ./src/tasks/GPIOS/GpiosTask_lpc1769.o
 *fill*         0x000008e2        0x2 ff
 .text.GPIOS_Init
                0x000008e4       0x90 ./src/tasks/GPIOS/GpiosTask_lpc1769.o
                0x000008e4                GPIOS_Init
 .text.GPIOS_Update
                0x00000974      0x3a0 ./src/tasks/GPIOS/GpiosTask_lpc1769.o
                0x00000974                GPIOS_Update
 .text.LPF_filter
                0x00000d14       0xa4 ./src/tasks/DSP/filtrado.o
                0x00000d14                LPF_filter
 .text.BPF_filter
                0x00000db8       0xa4 ./src/tasks/DSP/filtrado.o
                0x00000db8                BPF_filter
 .text.HPF_filter
                0x00000e5c       0xa4 ./src/tasks/DSP/filtrado.o
                0x00000e5c                HPF_filter
 .text.loop_back
                0x00000f00       0x40 ./src/tasks/DSP/filtrado.o
                0x00000f00                loop_back
 .text.muteOut  0x00000f40       0x38 ./src/tasks/DSP/filtrado.o
                0x00000f40                muteOut
 .text.Chip_GPIO_SetPinState
                0x00000f78       0x64 ./src/tasks/DISPLAY/DisplayTASK.o
 .text.Chip_GPIO_SetPinDIROutput
                0x00000fdc       0x36 ./src/tasks/DISPLAY/DisplayTASK.o
 *fill*         0x00001012        0x2 ff
 .text.TM_ILI9341_InitLCD
                0x00001014      0x284 ./src/tasks/DISPLAY/DisplayTASK.o
 .text.TM_ILI9341_Init
                0x00001298      0x364 ./src/tasks/DISPLAY/DisplayTASK.o
 .text.welcome_screen
                0x000015fc       0xc8 ./src/tasks/DISPLAY/DisplayTASK.o
 .text.pantalla_por_defecto
                0x000016c4      0xcf0 ./src/tasks/DISPLAY/DisplayTASK.o
 .text.OUT_EQH  0x000023b4       0xac ./src/tasks/DISPLAY/DisplayTASK.o
 .text.Update_EQH
                0x00002460      0x3cc ./src/tasks/DISPLAY/DisplayTASK.o
 .text.DisplayInit
                0x0000282c       0x2c ./src/tasks/DISPLAY/DisplayTASK.o
                0x0000282c                DisplayInit
 .text.DisplayUpdate
                0x00002858      0x184 ./src/tasks/DISPLAY/DisplayTASK.o
                0x00002858                DisplayUpdate
 .text.Chip_GPIO_SetPinState
                0x000029dc       0x64 ./src/tasks/DISPLAY/display_func.o
 .text.TM_ILI9341_SetCursorPosition
                0x00002a40       0x92 ./src/tasks/DISPLAY/display_func.o
                0x00002a40                TM_ILI9341_SetCursorPosition
 .text.TM_ILI9341_DrawPixel
                0x00002ad2       0x34 ./src/tasks/DISPLAY/display_func.o
                0x00002ad2                TM_ILI9341_DrawPixel
 *fill*         0x00002b06        0x2 ff
 .text.TM_ILI9341_Fill
                0x00002b08       0x74 ./src/tasks/DISPLAY/display_func.o
                0x00002b08                TM_ILI9341_Fill
 .text.TM_ILI9341_Rotate
                0x00002b7c       0xa4 ./src/tasks/DISPLAY/display_func.o
                0x00002b7c                TM_ILI9341_Rotate
 .text.TM_ILI9341_Putc
                0x00002c20      0x130 ./src/tasks/DISPLAY/display_func.o
                0x00002c20                TM_ILI9341_Putc
 .text.TM_ILI9341_Puts
                0x00002d50       0x78 ./src/tasks/DISPLAY/display_func.o
                0x00002d50                TM_ILI9341_Puts
 .text.TM_ILI9341_DrawLine
                0x00002dc8      0x174 ./src/tasks/DISPLAY/display_func.o
                0x00002dc8                TM_ILI9341_DrawLine
 .text.TM_ILI9341_DrawRectangle
                0x00002f3c       0x8c ./src/tasks/DISPLAY/display_func.o
                0x00002f3c                TM_ILI9341_DrawRectangle
 .text.TM_ILI9341_DrawFilledRectangle
                0x00002fc8       0x64 ./src/tasks/DISPLAY/display_func.o
                0x00002fc8                TM_ILI9341_DrawFilledRectangle
 .text.TM_ILI9341_Delay
                0x0000302c       0x20 ./src/tasks/DISPLAY/display_func.o
                0x0000302c                TM_ILI9341_Delay
 .text.TM_ILI9341_SendCommand
                0x0000304c       0x68 ./src/tasks/DISPLAY/display_func.o
                0x0000304c                TM_ILI9341_SendCommand
 .text.TM_ILI9341_SendData
                0x000030b4       0x5c ./src/tasks/DISPLAY/display_func.o
                0x000030b4                TM_ILI9341_SendData
 .text.TM_Send  0x00003110      0x1f4 ./src/tasks/DISPLAY/display_func.o
                0x00003110                TM_Send
 .text.Chip_TIMER_MatchPending
                0x00003304       0x32 ./src/tasks/DISPLAY/display_int.o
 .text.Chip_TIMER_ClearMatch
                0x00003336       0x26 ./src/tasks/DISPLAY/display_int.o
 .text.TIMER1_IRQHandler
                0x0000335c       0x38 ./src/tasks/DISPLAY/display_int.o
                0x0000335c                TIMER1_IRQHandler
 .text.Control_Update
                0x00003394      0x358 ./src/tasks/CONTROL/ControlTask.o
                0x00003394                Control_Update
 .text.Chip_I2S_Send
                0x000036ec       0x1a ./src/tasks/ADC_DAC/AdcTask_lpc1769.o
 .text.Chip_I2S_Receive
                0x00003706       0x16 ./src/tasks/ADC_DAC/AdcTask_lpc1769.o
 .text.Chip_I2S_GetRxLevel
                0x0000371c       0x20 ./src/tasks/ADC_DAC/AdcTask_lpc1769.o
 .text.AdcDacI2S_Init
                0x0000373c       0x2c ./src/tasks/ADC_DAC/AdcTask_lpc1769.o
                0x0000373c                AdcDacI2S_Init
 .text.AdcDacI2S_Update
                0x00003768       0x28 ./src/tasks/ADC_DAC/AdcTask_lpc1769.o
                0x00003768                AdcDacI2S_Update
 .text.I2S_IRQHandler
                0x00003790      0x1a0 ./src/tasks/ADC_DAC/AdcTask_lpc1769.o
                0x00003790                I2S_IRQHandler
 .text.NVIC_EnableIRQ
                0x00003930       0x30 ./src/tasks/ADC_DAC/i2s_hw_init.o
 .text.Chip_SYSCTL_SetFLASHAccess
                0x00003960       0x30 ./src/tasks/ADC_DAC/i2s_hw_init.o
 .text.Chip_I2S_TxStart
                0x00003990       0x22 ./src/tasks/ADC_DAC/i2s_hw_init.o
 .text.Chip_I2S_RxStart
                0x000039b2       0x1e ./src/tasks/ADC_DAC/i2s_hw_init.o
 .text.Chip_I2S_EnableMute
                0x000039d0       0x1e ./src/tasks/ADC_DAC/i2s_hw_init.o
 .text.Chip_I2S_DisableMute
                0x000039ee       0x1e ./src/tasks/ADC_DAC/i2s_hw_init.o
 .text.Chip_I2S_TxStop
                0x00003a0c       0x2a ./src/tasks/ADC_DAC/i2s_hw_init.o
 .text.Chip_I2S_RxStop
                0x00003a36       0x1e ./src/tasks/ADC_DAC/i2s_hw_init.o
 .text.mi_getClkDiv
                0x00003a54      0x1fc ./src/tasks/ADC_DAC/i2s_hw_init.o
                0x00003a54                mi_getClkDiv
 .text.mi_Chip_I2S_RxConfig
                0x00003c50       0xc0 ./src/tasks/ADC_DAC/i2s_hw_init.o
                0x00003c50                mi_Chip_I2S_RxConfig
 .text.mi_Chip_I2S_TxConfig
                0x00003d10       0xc0 ./src/tasks/ADC_DAC/i2s_hw_init.o
                0x00003d10                mi_Chip_I2S_TxConfig
 .text.InitI2S  0x00003dd0      0x124 ./src/tasks/ADC_DAC/i2s_hw_init.o
                0x00003dd0                InitI2S
 .text.main     0x00003ef4       0x16 ./src/main/main.o
                0x00003ef4                main
 *fill*         0x00003f0a        0x2 ff
 .text.NVIC_EnableIRQ
                0x00003f0c       0x30 ./src/c-tds/monittor_lpc1769.o
 .text.NVIC_DisableIRQ
                0x00003f3c       0x34 ./src/c-tds/monittor_lpc1769.o
 .text.NVIC_ClearPendingIRQ
                0x00003f70       0x34 ./src/c-tds/monittor_lpc1769.o
 .text.Chip_TIMER_MatchPending
                0x00003fa4       0x32 ./src/c-tds/monittor_lpc1769.o
 .text.Chip_TIMER_ClearMatch
                0x00003fd6       0x26 ./src/c-tds/monittor_lpc1769.o
 .text.Chip_TIMER_Enable
                0x00003ffc       0x1e ./src/c-tds/monittor_lpc1769.o
 .text.Chip_TIMER_Disable
                0x0000401a       0x1e ./src/c-tds/monittor_lpc1769.o
 .text.Chip_TIMER_ReadCount
                0x00004038       0x16 ./src/c-tds/monittor_lpc1769.o
 .text.Chip_TIMER_PrescaleSet
                0x0000404e       0x1a ./src/c-tds/monittor_lpc1769.o
 .text.Chip_TIMER_SetMatch
                0x00004068       0x26 ./src/c-tds/monittor_lpc1769.o
 .text.Chip_TIMER_MatchEnableInt
                0x0000408e       0x32 ./src/c-tds/monittor_lpc1769.o
 .text.Chip_TIMER_ResetOnMatchEnable
                0x000040c0       0x34 ./src/c-tds/monittor_lpc1769.o
 .text.Chip_TIMER_StopOnMatchEnable
                0x000040f4       0x34 ./src/c-tds/monittor_lpc1769.o
 .text.MONITTOR_I_Init
                0x00004128       0x4c ./src/c-tds/monittor_lpc1769.o
                0x00004128                MONITTOR_I_Init
 .text.MONITTOR_I_Start
                0x00004174       0x6c ./src/c-tds/monittor_lpc1769.o
                0x00004174                MONITTOR_I_Start
 .text.MONITTOR_I_Stop
                0x000041e0       0x60 ./src/c-tds/monittor_lpc1769.o
                0x000041e0                MONITTOR_I_Stop
 .text.MONITTOR_I_Disable
                0x00004240       0x16 ./src/c-tds/monittor_lpc1769.o
                0x00004240                MONITTOR_I_Disable
 .text.TIMER0_IRQHandler
                0x00004256       0x50 ./src/c-tds/monittor_lpc1769.o
                0x00004256                TIMER0_IRQHandler
 *fill*         0x000042a6        0x2 ff
 .text.NVIC_SetPriority
                0x000042a8       0x54 ./src/c-tds/scheduler_lpc1769.o
 .text.SysTick_Config
                0x000042fc       0x44 ./src/c-tds/scheduler_lpc1769.o
 .text.DWT_Init
                0x00004340       0x24 ./src/c-tds/scheduler_lpc1769.o
 .text.DWT_GetTime
                0x00004364       0x1c ./src/c-tds/scheduler_lpc1769.o
 .text.DWT_Clear
                0x00004380       0x18 ./src/c-tds/scheduler_lpc1769.o
 .text.SCH_Init
                0x00004398       0xb8 ./src/c-tds/scheduler_lpc1769.o
                0x00004398                SCH_Init
 .text.SCH_Start
                0x00004450       0x28 ./src/c-tds/scheduler_lpc1769.o
                0x00004450                SCH_Start
 .text.SysTick_Handler
                0x00004478       0x1c ./src/c-tds/scheduler_lpc1769.o
                0x00004478                SysTick_Handler
 .text.SCH_Dispatch_Tasks
                0x00004494      0x298 ./src/c-tds/scheduler_lpc1769.o
                0x00004494                SCH_Dispatch_Tasks
 .text.SCH_Add_Task
                0x0000472c       0xdc ./src/c-tds/scheduler_lpc1769.o
                0x0000472c                SCH_Add_Task
 .text.SCH_Go_To_Sleep
                0x00004808        0xe ./src/c-tds/scheduler_lpc1769.o
 *fill*         0x00004816        0x2 ff
 .text.SCH_Get_Current_Task_Pointer
                0x00004818       0x24 ./src/c-tds/scheduler_lpc1769.o
                0x00004818                SCH_Get_Current_Task_Pointer
 .text.Chip_SYSCTL_SetFLASHAccess
                0x0000483c       0x30 ./src/c-tds/system_lpc1769.o
 .text.Chip_IOCON_Init
                0x0000486c       0x16 ./src/c-tds/system_lpc1769.o
 .text.Chip_GPIO_Init
                0x00004882       0x16 ./src/c-tds/system_lpc1769.o
 .text.SYSTEM_Init
                0x00004898       0x10 ./src/c-tds/system_lpc1769.o
                0x00004898                SYSTEM_Init
 .text.SYSTEM_Identify_Required_Mode
                0x000048a8       0x4c ./src/c-tds/system_lpc1769.o
                0x000048a8                SYSTEM_Identify_Required_Mode
 .text.SYSTEM_Configure_Required_Mode
                0x000048f4       0xe8 ./src/c-tds/system_lpc1769.o
                0x000048f4                SYSTEM_Configure_Required_Mode
 .text.SYSTEM_Perform_Safe_Shutdown
                0x000049dc       0x30 ./src/c-tds/system_lpc1769.o
                0x000049dc                SYSTEM_Perform_Safe_Shutdown
 .text.SYSTEM_Change_Mode_Fault
                0x00004a0c       0x20 ./src/c-tds/system_lpc1769.o
                0x00004a0c                SYSTEM_Change_Mode_Fault
 .text.SYSTEM_Get_Mode
                0x00004a2c       0x14 ./src/c-tds/system_lpc1769.o
                0x00004a2c                SYSTEM_Get_Mode
 .text.SystemInit
                0x00004a40       0x24 ./src/sysinit.o
                0x00004a40                SystemInit
 .text.SystemCoreClockUpdate
                0x00004a64       0x18 C:\Users\nicol\OneDrive\Documentos\td2_ultimaV\lpc_chip_175x_6x\Debug\liblpc_chip_175x_6x.a(chip_17xx_40xx.o)
                0x00004a64                SystemCoreClockUpdate
 .text.Chip_Clock_IsMainPLLEnabled
                0x00004a7c       0x24 C:\Users\nicol\OneDrive\Documentos\td2_ultimaV\lpc_chip_175x_6x\Debug\liblpc_chip_175x_6x.a(clock_17xx_40xx.o)
 .text.Chip_Clock_IsMainPLLConnected
                0x00004aa0       0x24 C:\Users\nicol\OneDrive\Documentos\td2_ultimaV\lpc_chip_175x_6x\Debug\liblpc_chip_175x_6x.a(clock_17xx_40xx.o)
 .text.Chip_Clock_FeedPLL
                0x00004ac4       0x34 C:\Users\nicol\OneDrive\Documentos\td2_ultimaV\lpc_chip_175x_6x\Debug\liblpc_chip_175x_6x.a(clock_17xx_40xx.o)
 .text.Chip_Clock_GetMainPLLSource
                0x00004af8       0x20 C:\Users\nicol\OneDrive\Documentos\td2_ultimaV\lpc_chip_175x_6x\Debug\liblpc_chip_175x_6x.a(clock_17xx_40xx.o)
 .text.Chip_Clock_GetMainOscRate
                0x00004b18       0x14 C:\Users\nicol\OneDrive\Documentos\td2_ultimaV\lpc_chip_175x_6x\Debug\liblpc_chip_175x_6x.a(clock_17xx_40xx.o)
 .text.Chip_Clock_GetIntOscRate
                0x00004b2c       0x14 C:\Users\nicol\OneDrive\Documentos\td2_ultimaV\lpc_chip_175x_6x\Debug\liblpc_chip_175x_6x.a(clock_17xx_40xx.o)
 .text.Chip_Clock_GetRTCOscRate
                0x00004b40       0x14 C:\Users\nicol\OneDrive\Documentos\td2_ultimaV\lpc_chip_175x_6x\Debug\liblpc_chip_175x_6x.a(clock_17xx_40xx.o)
 .text.Chip_Clock_GetMainPLLInClockRate
                0x00004b54        0xe C:\Users\nicol\OneDrive\Documentos\td2_ultimaV\lpc_chip_175x_6x\Debug\liblpc_chip_175x_6x.a(clock_17xx_40xx.o)
 *fill*         0x00004b62        0x2 ff
 .text.Chip_Clock_EnablePLL
                0x00004b64       0x44 C:\Users\nicol\OneDrive\Documentos\td2_ultimaV\lpc_chip_175x_6x\Debug\liblpc_chip_175x_6x.a(clock_17xx_40xx.o)
                0x00004b64                Chip_Clock_EnablePLL
 .text.Chip_Clock_DisablePLL
                0x00004ba8       0x48 C:\Users\nicol\OneDrive\Documentos\td2_ultimaV\lpc_chip_175x_6x\Debug\liblpc_chip_175x_6x.a(clock_17xx_40xx.o)
                0x00004ba8                Chip_Clock_DisablePLL
 .text.Chip_Clock_SetupPLL
                0x00004bf0       0x5c C:\Users\nicol\OneDrive\Documentos\td2_ultimaV\lpc_chip_175x_6x\Debug\liblpc_chip_175x_6x.a(clock_17xx_40xx.o)
                0x00004bf0                Chip_Clock_SetupPLL
 .text.Chip_Clock_EnablePeriphClock
                0x00004c4c       0x34 C:\Users\nicol\OneDrive\Documentos\td2_ultimaV\lpc_chip_175x_6x\Debug\liblpc_chip_175x_6x.a(clock_17xx_40xx.o)
                0x00004c4c                Chip_Clock_EnablePeriphClock
 .text.Chip_Clock_GetCPUClockSource
                0x00004c80       0x24 C:\Users\nicol\OneDrive\Documentos\td2_ultimaV\lpc_chip_175x_6x\Debug\liblpc_chip_175x_6x.a(clock_17xx_40xx.o)
                0x00004c80                Chip_Clock_GetCPUClockSource
 .text.Chip_Clock_SetCPUClockDiv
                0x00004ca4       0x20 C:\Users\nicol\OneDrive\Documentos\td2_ultimaV\lpc_chip_175x_6x\Debug\liblpc_chip_175x_6x.a(clock_17xx_40xx.o)
                0x00004ca4                Chip_Clock_SetCPUClockDiv
 .text.Chip_Clock_GetCPUClockDiv
                0x00004cc4       0x1c C:\Users\nicol\OneDrive\Documentos\td2_ultimaV\lpc_chip_175x_6x\Debug\liblpc_chip_175x_6x.a(clock_17xx_40xx.o)
                0x00004cc4                Chip_Clock_GetCPUClockDiv
 .text.Chip_Clock_SetPCLKDiv
                0x00004ce0       0x64 C:\Users\nicol\OneDrive\Documentos\td2_ultimaV\lpc_chip_175x_6x\Debug\liblpc_chip_175x_6x.a(clock_17xx_40xx.o)
                0x00004ce0                Chip_Clock_SetPCLKDiv
 .text.Chip_Clock_GetPCLKDiv
                0x00004d44       0x8c C:\Users\nicol\OneDrive\Documentos\td2_ultimaV\lpc_chip_175x_6x\Debug\liblpc_chip_175x_6x.a(clock_17xx_40xx.o)
                0x00004d44                Chip_Clock_GetPCLKDiv
 .text.Chip_Clock_GetSYSCLKRate
                0x00004dd0       0x34 C:\Users\nicol\OneDrive\Documentos\td2_ultimaV\lpc_chip_175x_6x\Debug\liblpc_chip_175x_6x.a(clock_17xx_40xx.o)
                0x00004dd0                Chip_Clock_GetSYSCLKRate
 .text.Chip_Clock_GetMainPLLOutClockRate
                0x00004e04       0x54 C:\Users\nicol\OneDrive\Documentos\td2_ultimaV\lpc_chip_175x_6x\Debug\liblpc_chip_175x_6x.a(clock_17xx_40xx.o)
                0x00004e04                Chip_Clock_GetMainPLLOutClockRate
 .text.Chip_Clock_GetMainClockRate
                0x00004e58       0x28 C:\Users\nicol\OneDrive\Documentos\td2_ultimaV\lpc_chip_175x_6x\Debug\liblpc_chip_175x_6x.a(clock_17xx_40xx.o)
                0x00004e58                Chip_Clock_GetMainClockRate
 .text.Chip_Clock_GetSystemClockRate
                0x00004e80       0x18 C:\Users\nicol\OneDrive\Documentos\td2_ultimaV\lpc_chip_175x_6x\Debug\liblpc_chip_175x_6x.a(clock_17xx_40xx.o)
                0x00004e80                Chip_Clock_GetSystemClockRate
 .text.Chip_Clock_GetPeripheralClockRate
                0x00004e98       0x26 C:\Users\nicol\OneDrive\Documentos\td2_ultimaV\lpc_chip_175x_6x\Debug\liblpc_chip_175x_6x.a(clock_17xx_40xx.o)
                0x00004e98                Chip_Clock_GetPeripheralClockRate
 .text.Chip_I2S_Init
                0x00004ebe       0x16 C:\Users\nicol\OneDrive\Documentos\td2_ultimaV\lpc_chip_175x_6x\Debug\liblpc_chip_175x_6x.a(i2s_17xx_40xx.o)
                0x00004ebe                Chip_I2S_Init
 .text.Chip_I2S_Int_TxCmd
                0x00004ed4       0x5c C:\Users\nicol\OneDrive\Documentos\td2_ultimaV\lpc_chip_175x_6x\Debug\liblpc_chip_175x_6x.a(i2s_17xx_40xx.o)
                0x00004ed4                Chip_I2S_Int_TxCmd
 .text.Chip_I2S_Int_RxCmd
                0x00004f30       0x5c C:\Users\nicol\OneDrive\Documentos\td2_ultimaV\lpc_chip_175x_6x\Debug\liblpc_chip_175x_6x.a(i2s_17xx_40xx.o)
                0x00004f30                Chip_I2S_Int_RxCmd
 .text.Chip_IOCON_PinMuxSet
                0x00004f8c       0x36 C:\Users\nicol\OneDrive\Documentos\td2_ultimaV\lpc_chip_175x_6x\Debug\liblpc_chip_175x_6x.a(iocon_17xx_40xx.o)
                0x00004f8c                Chip_IOCON_PinMuxSet
 .text.Chip_IOCON_PinMux
                0x00004fc2       0x94 C:\Users\nicol\OneDrive\Documentos\td2_ultimaV\lpc_chip_175x_6x\Debug\liblpc_chip_175x_6x.a(iocon_17xx_40xx.o)
                0x00004fc2                Chip_IOCON_PinMux
 .text.Chip_IOCON_SetPinMuxing
                0x00005056       0x62 C:\Users\nicol\OneDrive\Documentos\td2_ultimaV\lpc_chip_175x_6x\Debug\liblpc_chip_175x_6x.a(iocon_17xx_40xx.o)
                0x00005056                Chip_IOCON_SetPinMuxing
 .text.Chip_Clock_IsMainPLLEnabled
                0x000050b8       0x24 C:\Users\nicol\OneDrive\Documentos\td2_ultimaV\lpc_chip_175x_6x\Debug\liblpc_chip_175x_6x.a(sysinit_17xx_40xx.o)
 .text.Chip_Clock_IsMainPLLLocked
                0x000050dc       0x24 C:\Users\nicol\OneDrive\Documentos\td2_ultimaV\lpc_chip_175x_6x\Debug\liblpc_chip_175x_6x.a(sysinit_17xx_40xx.o)
 .text.Chip_Clock_IsMainPLLConnected
                0x00005100       0x24 C:\Users\nicol\OneDrive\Documentos\td2_ultimaV\lpc_chip_175x_6x\Debug\liblpc_chip_175x_6x.a(sysinit_17xx_40xx.o)
 .text.Chip_Clock_EnableCrystal
                0x00005124       0x20 C:\Users\nicol\OneDrive\Documentos\td2_ultimaV\lpc_chip_175x_6x\Debug\liblpc_chip_175x_6x.a(sysinit_17xx_40xx.o)
 .text.Chip_Clock_IsCrystalEnabled
                0x00005144       0x24 C:\Users\nicol\OneDrive\Documentos\td2_ultimaV\lpc_chip_175x_6x\Debug\liblpc_chip_175x_6x.a(sysinit_17xx_40xx.o)
 .text.Chip_Clock_SetMainPLLSource
                0x00005168       0x20 C:\Users\nicol\OneDrive\Documentos\td2_ultimaV\lpc_chip_175x_6x\Debug\liblpc_chip_175x_6x.a(sysinit_17xx_40xx.o)
 .text.Chip_SetupXtalClocking
                0x00005188       0x90 C:\Users\nicol\OneDrive\Documentos\td2_ultimaV\lpc_chip_175x_6x\Debug\liblpc_chip_175x_6x.a(sysinit_17xx_40xx.o)
                0x00005188                Chip_SetupXtalClocking
 .text.Chip_Timer_GetClockIndex
                0x00005218       0x50 C:\Users\nicol\OneDrive\Documentos\td2_ultimaV\lpc_chip_175x_6x\Debug\liblpc_chip_175x_6x.a(timer_17xx_40xx.o)
 .text.Chip_TIMER_Init
                0x00005268       0x1e C:\Users\nicol\OneDrive\Documentos\td2_ultimaV\lpc_chip_175x_6x\Debug\liblpc_chip_175x_6x.a(timer_17xx_40xx.o)
                0x00005268                Chip_TIMER_Init
 .text.Chip_TIMER_Reset
                0x00005286       0x3a C:\Users\nicol\OneDrive\Documentos\td2_ultimaV\lpc_chip_175x_6x\Debug\liblpc_chip_175x_6x.a(timer_17xx_40xx.o)
                0x00005286                Chip_TIMER_Reset
 .text.Chip_WWDT_Init
                0x000052c0       0x1e C:\Users\nicol\OneDrive\Documentos\td2_ultimaV\lpc_chip_175x_6x\Debug\liblpc_chip_175x_6x.a(wwdt_17xx_40xx.o)
                0x000052c0                Chip_WWDT_Init
 .text.Chip_WWDT_ClearStatusFlag
                0x000052de       0x40 C:\Users\nicol\OneDrive\Documentos\td2_ultimaV\lpc_chip_175x_6x\Debug\liblpc_chip_175x_6x.a(wwdt_17xx_40xx.o)
                0x000052de                Chip_WWDT_ClearStatusFlag
 *fill*         0x0000531e        0x2 ff
 .text.arm_float_to_q31
                0x00005320      0x148 C:\Users\nicol\OneDrive\Documentos\td2_ultimaV\CMSIS_DSPLIB_CM3\lib\libCMSIS_DSPLIB_CM3.a(arm_float_to_q31.o)
                0x00005320                arm_float_to_q31
 .text.arm_biquad_cascade_df1_init_q31
                0x00005468       0x20 C:\Users\nicol\OneDrive\Documentos\td2_ultimaV\CMSIS_DSPLIB_CM3\lib\libCMSIS_DSPLIB_CM3.a(arm_biquad_cascade_df1_init_q31.o)
                0x00005468                arm_biquad_cascade_df1_init_q31
 .text.arm_biquad_cascade_df1_q31
                0x00005488      0x2c0 C:\Users\nicol\OneDrive\Documentos\td2_ultimaV\CMSIS_DSPLIB_CM3\lib\libCMSIS_DSPLIB_CM3.a(arm_biquad_cascade_df1_q31.o)
                0x00005488                arm_biquad_cascade_df1_q31
 .text.Chip_SYSCTL_SetFLASHAccess
                0x00005748       0x30 C:\Users\nicol\OneDrive\Documentos\td2_ultimaV\lpc_board_nxp_lpcxpresso_1769\Debug\liblpc_board_nxp_lpcxpresso_1769.a(board_sysinit.o)
 .text.Board_SetupMuxing
                0x00005778       0x1c C:\Users\nicol\OneDrive\Documentos\td2_ultimaV\lpc_board_nxp_lpcxpresso_1769\Debug\liblpc_board_nxp_lpcxpresso_1769.a(board_sysinit.o)
                0x00005778                Board_SetupMuxing
 .text.Board_SetupClocking
                0x00005794       0x12 C:\Users\nicol\OneDrive\Documentos\td2_ultimaV\lpc_board_nxp_lpcxpresso_1769\Debug\liblpc_board_nxp_lpcxpresso_1769.a(board_sysinit.o)
                0x00005794                Board_SetupClocking
 .text.Board_SystemInit
                0x000057a6       0x10 C:\Users\nicol\OneDrive\Documentos\td2_ultimaV\lpc_board_nxp_lpcxpresso_1769\Debug\liblpc_board_nxp_lpcxpresso_1769.a(board_sysinit.o)
                0x000057a6                Board_SystemInit
 .text.memset   0x000057b6        0x4 c:/nxp/mcuxpressoide_10.3.1_2233/ide/plugins/com.nxp.mcuxpresso.tools.win32_10.3.0.201811011841/tools/bin/../lib/gcc/arm-none-eabi/7.3.1/../../../../arm-none-eabi/lib/thumb/v7-m\libcr_c.a(memset.o)
                0x000057b6                memset
 .text.__weak_main
                0x000057ba        0x4 c:/nxp/mcuxpressoide_10.3.1_2233/ide/plugins/com.nxp.mcuxpresso.tools.win32_10.3.0.201811011841/tools/bin/../lib/gcc/arm-none-eabi/7.3.1/../../../../arm-none-eabi/lib/thumb/v7-m\libcr_c.a(__weak__main.o)
                0x000057ba                __weak_main
                0x000057ba                __main
 .text.__aeabi_division_uldivmod
                0x000057be      0x174 c:/nxp/mcuxpressoide_10.3.1_2233/ide/plugins/com.nxp.mcuxpresso.tools.win32_10.3.0.201811011841/tools/bin/../lib/gcc/arm-none-eabi/7.3.1/thumb/v7-m\libcr_eabihelpers.a(division_64.o)
                0x000057be                __aeabi_uldivmod
                0x000057c2                __bhs_ldivmod1
 .text.__aeabi_division_idiv0
                0x00005932        0x2 c:/nxp/mcuxpressoide_10.3.1_2233/ide/plugins/com.nxp.mcuxpresso.tools.win32_10.3.0.201811011841/tools/bin/../lib/gcc/arm-none-eabi/7.3.1/thumb/v7-m\libcr_eabihelpers.a(division_idiv0.o)
                0x00005932                __aeabi_idiv0
 .text.__aeabi_fmul
                0x00005934       0xb0 c:/nxp/mcuxpressoide_10.3.1_2233/ide/plugins/com.nxp.mcuxpresso.tools.win32_10.3.0.201811011841/tools/bin/../lib/gcc/arm-none-eabi/7.3.1/thumb/v7-m\libcr_eabihelpers.a(float.o)
                0x00005934                __aeabi_fmul
 .text.__aeabi_f2lz
                0x000059e4       0x5c c:/nxp/mcuxpressoide_10.3.1_2233/ide/plugins/com.nxp.mcuxpresso.tools.win32_10.3.0.201811011841/tools/bin/../lib/gcc/arm-none-eabi/7.3.1/thumb/v7-m\libcr_eabihelpers.a(float.o)
                0x000059e4                __aeabi_f2lz
 .text.__aeabi_memset_lowlevel
                0x00005a40       0x32 c:/nxp/mcuxpressoide_10.3.1_2233/ide/plugins/com.nxp.mcuxpresso.tools.win32_10.3.0.201811011841/tools/bin/../lib/gcc/arm-none-eabi/7.3.1/thumb/v7-m\libcr_eabihelpers.a(memcpy.o)
                0x00005a40                __aeabi_lowlevel_memset
 *(.rodata .rodata.* .constdata .constdata.*)
 *fill*         0x00005a72        0x2 ff
 .rodata        0x00005a74       0x90 ./src/tasks/DISPLAY/DisplayTASK.o
 .rodata.TM_Font7x10
                0x00005b04      0x76c ./src/tasks/DISPLAY/fonts.o
                0x00005b04                TM_Font7x10
 .rodata.TM_Font11x18
                0x00006270      0xd5c ./src/tasks/DISPLAY/fonts.o
                0x00006270                TM_Font11x18
 .rodata.TM_Font16x26
                0x00006fcc     0x134c ./src/tasks/DISPLAY/fonts.o
                0x00006fcc                TM_Font16x26
 .rodata.OscRateIn
                0x00008318        0x4 C:\Users\nicol\OneDrive\Documentos\td2_ultimaV\lpc_board_nxp_lpcxpresso_1769\Debug\liblpc_board_nxp_lpcxpresso_1769.a(board.o)
                0x00008318                OscRateIn
 .rodata.RTCOscRateIn
                0x0000831c        0x4 C:\Users\nicol\OneDrive\Documentos\td2_ultimaV\lpc_board_nxp_lpcxpresso_1769\Debug\liblpc_board_nxp_lpcxpresso_1769.a(board.o)
                0x0000831c                RTCOscRateIn
 .rodata.pinmuxing
                0x00008320       0x5c C:\Users\nicol\OneDrive\Documentos\td2_ultimaV\lpc_board_nxp_lpcxpresso_1769\Debug\liblpc_board_nxp_lpcxpresso_1769.a(board_sysinit.o)
                0x0000837c                . = ALIGN (0x4)

.glue_7         0x0000837c        0x0
 .glue_7        0x0000837c        0x0 linker stubs

.glue_7t        0x0000837c        0x0
 .glue_7t       0x0000837c        0x0 linker stubs

.vfp11_veneer   0x0000837c        0x0
 .vfp11_veneer  0x0000837c        0x0 linker stubs

.v4_bx          0x0000837c        0x0
 .v4_bx         0x0000837c        0x0 linker stubs

.iplt           0x0000837c        0x0
 .iplt          0x0000837c        0x0 ./src/tasks/WATCHDOG/task-watchdog_lpc1769.o

.rel.dyn        0x0000837c        0x0
 .rel.iplt      0x0000837c        0x0 ./src/tasks/WATCHDOG/task-watchdog_lpc1769.o

.ARM.extab
 *(.ARM.extab* .gnu.linkonce.armextab.*)
                0x0000837c                __exidx_start = .

.ARM.exidx
 *(.ARM.exidx* .gnu.linkonce.armexidx.*)
                0x0000837c                __exidx_end = .
                0x0000837c                _etext = .

.data_RAM2      0x2007c000        0x0 load address 0x0000837c
 FILL mask 0xff
                [!provide]                PROVIDE (__start_data_RAM2 = .)
 *(.ramfunc.$RAM2)
 *(.ramfunc.$RamAHB32)
 *(.data.$RAM2*)
 *(.data.$RamAHB32*)
                0x2007c000                . = ALIGN (0x4)
                [!provide]                PROVIDE (__end_data_RAM2 = .)

.uninit_RESERVED
                0x10000000        0x0
 *(.bss.$RESERVED*)
                0x10000000                . = ALIGN (0x4)
                0x10000000                _end_uninit_RESERVED = .

.data           0x10000000       0x64 load address 0x0000837c
 FILL mask 0xff
                0x10000000                _data = .
 *(vtable)
 *(.ramfunc*)
 *(.data*)
 .data.coeffHP  0x10000000       0x14 ./src/tasks/DSP/filtrado.o
                0x10000000                coeffHP
 .data.coeffBP  0x10000014       0x14 ./src/tasks/DSP/filtrado.o
                0x10000014                coeffBP
 .data.coeffLP  0x10000028       0x14 ./src/tasks/DSP/filtrado.o
                0x10000028                coeffLP
 .data.gainLPFs.7423
                0x1000003c        0x1 ./src/tasks/DISPLAY/DisplayTASK.o
 .data.gainHPFs.7425
                0x1000003d        0x1 ./src/tasks/DISPLAY/DisplayTASK.o
 .data.gainBPFs.7424
                0x1000003e        0x1 ./src/tasks/DISPLAY/DisplayTASK.o
 .data.LPF_State_Ant.7405
                0x1000003f        0x1 ./src/tasks/DISPLAY/DisplayTASK.o
 .data.BPF_State_Ant.7406
                0x10000040        0x1 ./src/tasks/DISPLAY/DisplayTASK.o
 .data.HPF_State_Ant.7407
                0x10000041        0x1 ./src/tasks/DISPLAY/DisplayTASK.o
 *fill*         0x10000042        0x2 ff
 .data.TM_Font_7x10
                0x10000044        0x8 ./src/tasks/DISPLAY/fonts.o
                0x10000044                TM_Font_7x10
 .data.TM_Font_11x18
                0x1000004c        0x8 ./src/tasks/DISPLAY/fonts.o
                0x1000004c                TM_Font_11x18
 .data.TM_Font_16x26
                0x10000054        0x8 ./src/tasks/DISPLAY/fonts.o
                0x10000054                TM_Font_16x26
 .data.control  0x1000005c        0x1 ./src/tasks/CONTROL/ControlTask.o
                0x1000005c                control
 .data.banda    0x1000005d        0x1 ./src/tasks/CONTROL/ControlTask.o
                0x1000005d                banda
 .data.gainLPF  0x1000005e        0x1 ./src/tasks/CONTROL/ControlTask.o
                0x1000005e                gainLPF
 .data.gainBPF  0x1000005f        0x1 ./src/tasks/CONTROL/ControlTask.o
                0x1000005f                gainBPF
 .data.gainHPF  0x10000060        0x1 ./src/tasks/CONTROL/ControlTask.o
                0x10000060                gainHPF
                0x10000064                . = ALIGN (0x4)
 *fill*         0x10000061        0x3 ff
                0x10000064                _edata = .

.igot.plt       0x10000064        0x0 load address 0x000083e0
 .igot.plt      0x10000064        0x0 ./src/tasks/WATCHDOG/task-watchdog_lpc1769.o

.bss_RAM2       0x2007c000        0x0
                [!provide]                PROVIDE (__start_bss_RAM2 = .)
 *(.bss.$RAM2*)
 *(.bss.$RamAHB32*)
                0x2007c000                . = ALIGN ((. != 0x0)?0x4:0x1)
                [!provide]                PROVIDE (__end_bss_RAM2 = .)

.bss            0x10000064      0x490
                0x10000064                _bss = .
 *(.bss*)
 .bss.Heartbeat_state.7349
                0x10000064        0x4 ./src/tasks/HEARTBEAT/task-heartbeat_lpc1769.o
 .bss.Fault_state.7350
                0x10000068        0x4 ./src/tasks/HEARTBEAT/task-heartbeat_lpc1769.o
 .bss.ESTADO_TECLA_1
                0x1000006c        0x1 ./src/tasks/GPIOS/GpiosTask_lpc1769.o
                0x1000006c                ESTADO_TECLA_1
 .bss.ESTADO_TECLA_2
                0x1000006d        0x1 ./src/tasks/GPIOS/GpiosTask_lpc1769.o
                0x1000006d                ESTADO_TECLA_2
 .bss.ESTADO_TECLA_3
                0x1000006e        0x1 ./src/tasks/GPIOS/GpiosTask_lpc1769.o
                0x1000006e                ESTADO_TECLA_3
 .bss.ESTADO_TECLA_4
                0x1000006f        0x1 ./src/tasks/GPIOS/GpiosTask_lpc1769.o
                0x1000006f                ESTADO_TECLA_4
 .bss.ESTADO_TECLA_5
                0x10000070        0x1 ./src/tasks/GPIOS/GpiosTask_lpc1769.o
                0x10000070                ESTADO_TECLA_5
 .bss.ESTADO_TECLA_6
                0x10000071        0x1 ./src/tasks/GPIOS/GpiosTask_lpc1769.o
                0x10000071                ESTADO_TECLA_6
 .bss.estado_ant1
                0x10000072        0x1 ./src/tasks/GPIOS/GpiosTask_lpc1769.o
 .bss.estado_ant2
                0x10000073        0x1 ./src/tasks/GPIOS/GpiosTask_lpc1769.o
 .bss.estado_ant3
                0x10000074        0x1 ./src/tasks/GPIOS/GpiosTask_lpc1769.o
 .bss.estado_ant4
                0x10000075        0x1 ./src/tasks/GPIOS/GpiosTask_lpc1769.o
 .bss.estado_ant5
                0x10000076        0x1 ./src/tasks/GPIOS/GpiosTask_lpc1769.o
 .bss.estado_ant6
                0x10000077        0x1 ./src/tasks/GPIOS/GpiosTask_lpc1769.o
 .bss.cant_estados_1
                0x10000078        0x1 ./src/tasks/GPIOS/GpiosTask_lpc1769.o
 .bss.cant_estados_2
                0x10000079        0x1 ./src/tasks/GPIOS/GpiosTask_lpc1769.o
 .bss.cant_estados_3
                0x1000007a        0x1 ./src/tasks/GPIOS/GpiosTask_lpc1769.o
 .bss.cant_estados_4
                0x1000007b        0x1 ./src/tasks/GPIOS/GpiosTask_lpc1769.o
 .bss.cant_estados_5
                0x1000007c        0x1 ./src/tasks/GPIOS/GpiosTask_lpc1769.o
 .bss.cant_estados_6
                0x1000007d        0x1 ./src/tasks/GPIOS/GpiosTask_lpc1769.o
 *fill*         0x1000007e        0x2 
 .bss.Time_in_state_G
                0x10000080        0x4 ./src/tasks/GPIOS/GpiosTask_lpc1769.o
 .bss.coeffTable
                0x10000084       0x14 ./src/tasks/DSP/filtrado.o
                0x10000084                coeffTable
 .bss.S1.6394   0x10000098       0x10 ./src/tasks/DSP/filtrado.o
 .bss.biquadState.6393
                0x100000a8       0x10 ./src/tasks/DSP/filtrado.o
 .bss.S1.6409   0x100000b8       0x10 ./src/tasks/DSP/filtrado.o
 .bss.biquadState.6408
                0x100000c8       0x10 ./src/tasks/DSP/filtrado.o
 .bss.S1.6424   0x100000d8       0x10 ./src/tasks/DSP/filtrado.o
 .bss.biquadState.6423
                0x100000e8       0x10 ./src/tasks/DSP/filtrado.o
 .bss.ILI9341_x
                0x100000f8        0x2 ./src/tasks/DISPLAY/display_globales.o
                0x100000f8                ILI9341_x
 .bss.ILI9341_y
                0x100000fa        0x2 ./src/tasks/DISPLAY/display_globales.o
                0x100000fa                ILI9341_y
 .bss.ILI9341_Opts
                0x100000fc        0x6 ./src/tasks/DISPLAY/display_globales.o
                0x100000fc                ILI9341_Opts
 .bss.using_tft
                0x10000102        0x1 ./src/tasks/DISPLAY/display_globales.o
                0x10000102                using_tft
 .bss.flag_display
                0x10000103        0x1 ./src/tasks/CONTROL/ControlTask.o
                0x10000103                flag_display
 .bss.TIME_IN_STATE.7302
                0x10000104        0x2 ./src/tasks/CONTROL/ControlTask.o
 *fill*         0x10000106        0x2 
 .bss.Time_in_state_G
                0x10000108        0x4 ./src/tasks/ADC_DAC/AdcTask_lpc1769.o
 .bss.Flag_ADC_Done
                0x1000010c        0x1 ./src/tasks/ADC_DAC/AdcTask_lpc1769.o
 *fill*         0x1000010d        0x3 
 .bss.vector_datos
                0x10000110       0x20 ./src/tasks/ADC_DAC/AdcTask_lpc1769.o
 .bss.indice_lp
                0x10000130        0x2 ./src/tasks/ADC_DAC/AdcTask_lpc1769.o
 *fill*         0x10000132        0x2 
 .bss.vector_salida
                0x10000134       0x20 ./src/tasks/ADC_DAC/AdcTask_lpc1769.o
 .bss.vector_lp
                0x10000154       0x20 ./src/tasks/ADC_DAC/AdcTask_lpc1769.o
 .bss.vector_hp
                0x10000174       0x20 ./src/tasks/ADC_DAC/AdcTask_lpc1769.o
 .bss.vector_bp
                0x10000194       0x20 ./src/tasks/ADC_DAC/AdcTask_lpc1769.o
 .bss.Task_ID_G
                0x100001b4        0x4 ./src/c-tds/monittor_lpc1769.o
 .bss.Task_BCET_G
                0x100001b8        0x4 ./src/c-tds/monittor_lpc1769.o
 .bss.Task_t_variation_G
                0x100001bc        0x4 ./src/c-tds/monittor_lpc1769.o
 .bss.Fault_code_G
                0x100001c0        0x4 ./src/c-tds/scheduler_lpc1769.o
                0x100001c0                Fault_code_G
 .bss.SCH_tasks_G
                0x100001c4      0x320 ./src/c-tds/scheduler_lpc1769.o
                0x100001c4                SCH_tasks_G
 .bss.Tick_count_G
                0x100004e4        0x4 ./src/c-tds/scheduler_lpc1769.o
 .bss.ITask     0x100004e8        0x4 ./src/c-tds/scheduler_lpc1769.o
 .bss.System_mode_G
                0x100004ec        0x1 ./src/c-tds/system_lpc1769.o
                0x100004ec                System_mode_G
 *(COMMON)
 *fill*         0x100004ed        0x3 
 COMMON         0x100004f0        0x4 C:\Users\nicol\OneDrive\Documentos\td2_ultimaV\lpc_chip_175x_6x\Debug\liblpc_chip_175x_6x.a(chip_17xx_40xx.o)
                0x100004f0                SystemCoreClock
                0x100004f4                . = ALIGN (0x4)
                0x100004f4                _ebss = .
                [!provide]                PROVIDE (end = .)

.noinit_RAM2    0x2007c000        0x0
 *(.noinit.$RAM2*)
 *(.noinit.$RamAHB32*)
                0x2007c000                . = ALIGN (0x4)

.noinit         0x100004f4        0x0
                0x100004f4                _noinit = .
 *(.noinit*)
                0x100004f4                . = ALIGN (0x4)
                0x100004f4                _end_noinit = .
                [!provide]                PROVIDE (_pvHeapStart = DEFINED (__user_heap_base)?__user_heap_base:.)
                0x10008000                PROVIDE (_vStackTop = DEFINED (__user_stack_top)?__user_stack_top:(__top_RamLoc32 - 0x0))
                0xefff74de                PROVIDE (__valid_user_code_checksum = (0x0 - ((((((_vStackTop + (ResetISR + 0x1)) + (NMI_Handler + 0x1)) + (HardFault_Handler + 0x1)) + (DEFINED (MemManage_Handler)?MemManage_Handler:0x0 + 0x1)) + (DEFINED (BusFault_Handler)?BusFault_Handler:0x0 + 0x1)) + (DEFINED (UsageFault_Handler)?UsageFault_Handler:0x0 + 0x1))))
                0x00000000                _image_start = LOADADDR (.text)
                0x000083e0                _image_end = (LOADADDR (.data) + SIZEOF (.data))
                0x000083e0                _image_size = (_image_end - _image_start)
OUTPUT(ej12_i2s_mixto.axf elf32-littlearm)

.debug_info     0x00000000     0xbef3
 .debug_info    0x00000000      0x5de ./src/tasks/WATCHDOG/task-watchdog_lpc1769.o
 .debug_info    0x000005de      0x467 ./src/tasks/HEARTBEAT/task-heartbeat_lpc1769.o
 .debug_info    0x00000a45      0x5f5 ./src/tasks/GPIOS/GpiosTask_lpc1769.o
 .debug_info    0x0000103a      0x41a ./src/tasks/DSP/filtrado.o
 .debug_info    0x00001454      0x6c3 ./src/tasks/DISPLAY/DisplayTASK.o
 .debug_info    0x00001b17      0xe3b ./src/tasks/DISPLAY/display_func.o
 .debug_info    0x00002952      0x41d ./src/tasks/DISPLAY/display_globales.o
 .debug_info    0x00002d6f      0x491 ./src/tasks/DISPLAY/display_int.o
 .debug_info    0x00003200      0x47b ./src/tasks/DISPLAY/fonts.o
 .debug_info    0x0000367b      0x3fb ./src/tasks/CONTROL/ControlTask.o
 .debug_info    0x00003a76      0x6f2 ./src/tasks/ADC_DAC/AdcTask_lpc1769.o
 .debug_info    0x00004168      0xd37 ./src/tasks/ADC_DAC/i2s_hw_init.o
 .debug_info    0x00004e9f      0x255 ./src/main/cr_startup_lpc175x_6x.o
 .debug_info    0x000050f4      0x222 ./src/main/main.o
 .debug_info    0x00005316      0xb2d ./src/c-tds/monittor_lpc1769.o
 .debug_info    0x00005e43      0xbf6 ./src/c-tds/scheduler_lpc1769.o
 .debug_info    0x00006a39      0xa69 ./src/c-tds/system_lpc1769.o
 .debug_info    0x000074a2       0x3f ./src/crp.o
 .debug_info    0x000074e1      0x232 ./src/sysinit.o
 .debug_info    0x00007713      0x558 C:\Users\nicol\OneDrive\Documentos\td2_ultimaV\lpc_chip_175x_6x\Debug\liblpc_chip_175x_6x.a(chip_17xx_40xx.o)
 .debug_info    0x00007c6b      0xba2 C:\Users\nicol\OneDrive\Documentos\td2_ultimaV\lpc_chip_175x_6x\Debug\liblpc_chip_175x_6x.a(clock_17xx_40xx.o)
 .debug_info    0x0000880d      0x7ad C:\Users\nicol\OneDrive\Documentos\td2_ultimaV\lpc_chip_175x_6x\Debug\liblpc_chip_175x_6x.a(i2s_17xx_40xx.o)
 .debug_info    0x00008fba      0x31e C:\Users\nicol\OneDrive\Documentos\td2_ultimaV\lpc_chip_175x_6x\Debug\liblpc_chip_175x_6x.a(iocon_17xx_40xx.o)
 .debug_info    0x000092d8      0x474 C:\Users\nicol\OneDrive\Documentos\td2_ultimaV\lpc_chip_175x_6x\Debug\liblpc_chip_175x_6x.a(sysinit_17xx_40xx.o)
 .debug_info    0x0000974c      0x42b C:\Users\nicol\OneDrive\Documentos\td2_ultimaV\lpc_chip_175x_6x\Debug\liblpc_chip_175x_6x.a(timer_17xx_40xx.o)
 .debug_info    0x00009b77      0x1b0 C:\Users\nicol\OneDrive\Documentos\td2_ultimaV\lpc_chip_175x_6x\Debug\liblpc_chip_175x_6x.a(wwdt_17xx_40xx.o)
 .debug_info    0x00009d27      0x1d7 C:\Users\nicol\OneDrive\Documentos\td2_ultimaV\CMSIS_DSPLIB_CM3\lib\libCMSIS_DSPLIB_CM3.a(arm_float_to_q31.o)
 .debug_info    0x00009efe      0x173 C:\Users\nicol\OneDrive\Documentos\td2_ultimaV\CMSIS_DSPLIB_CM3\lib\libCMSIS_DSPLIB_CM3.a(arm_biquad_cascade_df1_init_q31.o)
 .debug_info    0x0000a071      0x2b5 C:\Users\nicol\OneDrive\Documentos\td2_ultimaV\CMSIS_DSPLIB_CM3\lib\libCMSIS_DSPLIB_CM3.a(arm_biquad_cascade_df1_q31.o)
 .debug_info    0x0000a326     0x150a C:\Users\nicol\OneDrive\Documentos\td2_ultimaV\lpc_board_nxp_lpcxpresso_1769\Debug\liblpc_board_nxp_lpcxpresso_1769.a(board.o)
 .debug_info    0x0000b830      0x6c3 C:\Users\nicol\OneDrive\Documentos\td2_ultimaV\lpc_board_nxp_lpcxpresso_1769\Debug\liblpc_board_nxp_lpcxpresso_1769.a(board_sysinit.o)

.debug_abbrev   0x00000000     0x2f67
 .debug_abbrev  0x00000000      0x1d5 ./src/tasks/WATCHDOG/task-watchdog_lpc1769.o
 .debug_abbrev  0x000001d5      0x170 ./src/tasks/HEARTBEAT/task-heartbeat_lpc1769.o
 .debug_abbrev  0x00000345      0x192 ./src/tasks/GPIOS/GpiosTask_lpc1769.o
 .debug_abbrev  0x000004d7      0x160 ./src/tasks/DSP/filtrado.o
 .debug_abbrev  0x00000637      0x1cd ./src/tasks/DISPLAY/DisplayTASK.o
 .debug_abbrev  0x00000804      0x255 ./src/tasks/DISPLAY/display_func.o
 .debug_abbrev  0x00000a59       0xdf ./src/tasks/DISPLAY/display_globales.o
 .debug_abbrev  0x00000b38      0x13c ./src/tasks/DISPLAY/display_int.o
 .debug_abbrev  0x00000c74       0xf9 ./src/tasks/DISPLAY/fonts.o
 .debug_abbrev  0x00000d6d      0x101 ./src/tasks/CONTROL/ControlTask.o
 .debug_abbrev  0x00000e6e      0x1de ./src/tasks/ADC_DAC/AdcTask_lpc1769.o
 .debug_abbrev  0x0000104c      0x241 ./src/tasks/ADC_DAC/i2s_hw_init.o
 .debug_abbrev  0x0000128d      0x114 ./src/main/cr_startup_lpc175x_6x.o
 .debug_abbrev  0x000013a1       0xdf ./src/main/main.o
 .debug_abbrev  0x00001480      0x22a ./src/c-tds/monittor_lpc1769.o
 .debug_abbrev  0x000016aa      0x2c2 ./src/c-tds/scheduler_lpc1769.o
 .debug_abbrev  0x0000196c      0x1f5 ./src/c-tds/system_lpc1769.o
 .debug_abbrev  0x00001b61       0x36 ./src/crp.o
 .debug_abbrev  0x00001b97       0xdd ./src/sysinit.o
 .debug_abbrev  0x00001c74      0x151 C:\Users\nicol\OneDrive\Documentos\td2_ultimaV\lpc_chip_175x_6x\Debug\liblpc_chip_175x_6x.a(chip_17xx_40xx.o)
 .debug_abbrev  0x00001dc5      0x309 C:\Users\nicol\OneDrive\Documentos\td2_ultimaV\lpc_chip_175x_6x\Debug\liblpc_chip_175x_6x.a(clock_17xx_40xx.o)
 .debug_abbrev  0x000020ce      0x1a0 C:\Users\nicol\OneDrive\Documentos\td2_ultimaV\lpc_chip_175x_6x\Debug\liblpc_chip_175x_6x.a(i2s_17xx_40xx.o)
 .debug_abbrev  0x0000226e      0x14a C:\Users\nicol\OneDrive\Documentos\td2_ultimaV\lpc_chip_175x_6x\Debug\liblpc_chip_175x_6x.a(iocon_17xx_40xx.o)
 .debug_abbrev  0x000023b8      0x18e C:\Users\nicol\OneDrive\Documentos\td2_ultimaV\lpc_chip_175x_6x\Debug\liblpc_chip_175x_6x.a(sysinit_17xx_40xx.o)
 .debug_abbrev  0x00002546      0x171 C:\Users\nicol\OneDrive\Documentos\td2_ultimaV\lpc_chip_175x_6x\Debug\liblpc_chip_175x_6x.a(timer_17xx_40xx.o)
 .debug_abbrev  0x000026b7       0xf4 C:\Users\nicol\OneDrive\Documentos\td2_ultimaV\lpc_chip_175x_6x\Debug\liblpc_chip_175x_6x.a(wwdt_17xx_40xx.o)
 .debug_abbrev  0x000027ab       0xed C:\Users\nicol\OneDrive\Documentos\td2_ultimaV\CMSIS_DSPLIB_CM3\lib\libCMSIS_DSPLIB_CM3.a(arm_float_to_q31.o)
 .debug_abbrev  0x00002898       0xb1 C:\Users\nicol\OneDrive\Documentos\td2_ultimaV\CMSIS_DSPLIB_CM3\lib\libCMSIS_DSPLIB_CM3.a(arm_biquad_cascade_df1_init_q31.o)
 .debug_abbrev  0x00002949       0xd6 C:\Users\nicol\OneDrive\Documentos\td2_ultimaV\CMSIS_DSPLIB_CM3\lib\libCMSIS_DSPLIB_CM3.a(arm_biquad_cascade_df1_q31.o)
 .debug_abbrev  0x00002a1f      0x3c8 C:\Users\nicol\OneDrive\Documentos\td2_ultimaV\lpc_board_nxp_lpcxpresso_1769\Debug\liblpc_board_nxp_lpcxpresso_1769.a(board.o)
 .debug_abbrev  0x00002de7      0x180 C:\Users\nicol\OneDrive\Documentos\td2_ultimaV\lpc_board_nxp_lpcxpresso_1769\Debug\liblpc_board_nxp_lpcxpresso_1769.a(board_sysinit.o)

.debug_aranges  0x00000000      0xac0
 .debug_aranges
                0x00000000       0x68 ./src/tasks/WATCHDOG/task-watchdog_lpc1769.o
 .debug_aranges
                0x00000068       0x40 ./src/tasks/HEARTBEAT/task-heartbeat_lpc1769.o
 .debug_aranges
                0x000000a8       0x48 ./src/tasks/GPIOS/GpiosTask_lpc1769.o
 .debug_aranges
                0x000000f0       0x40 ./src/tasks/DSP/filtrado.o
 .debug_aranges
                0x00000130       0x68 ./src/tasks/DISPLAY/DisplayTASK.o
 .debug_aranges
                0x00000198       0xe0 ./src/tasks/DISPLAY/display_func.o
 .debug_aranges
                0x00000278       0x18 ./src/tasks/DISPLAY/display_globales.o
 .debug_aranges
                0x00000290       0x30 ./src/tasks/DISPLAY/display_int.o
 .debug_aranges
                0x000002c0       0x18 ./src/tasks/DISPLAY/fonts.o
 .debug_aranges
                0x000002d8       0x20 ./src/tasks/CONTROL/ControlTask.o
 .debug_aranges
                0x000002f8       0x48 ./src/tasks/ADC_DAC/AdcTask_lpc1769.o
 .debug_aranges
                0x00000340       0x78 ./src/tasks/ADC_DAC/i2s_hw_init.o
 .debug_aranges
                0x000003b8       0x80 ./src/main/cr_startup_lpc175x_6x.o
 .debug_aranges
                0x00000438       0x20 ./src/main/main.o
 .debug_aranges
                0x00000458       0xa8 ./src/c-tds/monittor_lpc1769.o
 .debug_aranges
                0x00000500       0x80 ./src/c-tds/scheduler_lpc1769.o
 .debug_aranges
                0x00000580       0x60 ./src/c-tds/system_lpc1769.o
 .debug_aranges
                0x000005e0       0x18 ./src/crp.o
 .debug_aranges
                0x000005f8       0x20 ./src/sysinit.o
 .debug_aranges
                0x00000618       0x38 C:\Users\nicol\OneDrive\Documentos\td2_ultimaV\lpc_chip_175x_6x\Debug\liblpc_chip_175x_6x.a(chip_17xx_40xx.o)
 .debug_aranges
                0x00000650      0x120 C:\Users\nicol\OneDrive\Documentos\td2_ultimaV\lpc_chip_175x_6x\Debug\liblpc_chip_175x_6x.a(clock_17xx_40xx.o)
 .debug_aranges
                0x00000770       0x60 C:\Users\nicol\OneDrive\Documentos\td2_ultimaV\lpc_chip_175x_6x\Debug\liblpc_chip_175x_6x.a(i2s_17xx_40xx.o)
 .debug_aranges
                0x000007d0       0x30 C:\Users\nicol\OneDrive\Documentos\td2_ultimaV\lpc_chip_175x_6x\Debug\liblpc_chip_175x_6x.a(iocon_17xx_40xx.o)
 .debug_aranges
                0x00000800       0x60 C:\Users\nicol\OneDrive\Documentos\td2_ultimaV\lpc_chip_175x_6x\Debug\liblpc_chip_175x_6x.a(sysinit_17xx_40xx.o)
 .debug_aranges
                0x00000860       0x40 C:\Users\nicol\OneDrive\Documentos\td2_ultimaV\lpc_chip_175x_6x\Debug\liblpc_chip_175x_6x.a(timer_17xx_40xx.o)
 .debug_aranges
                0x000008a0       0x28 C:\Users\nicol\OneDrive\Documentos\td2_ultimaV\lpc_chip_175x_6x\Debug\liblpc_chip_175x_6x.a(wwdt_17xx_40xx.o)
 .debug_aranges
                0x000008c8       0x20 C:\Users\nicol\OneDrive\Documentos\td2_ultimaV\CMSIS_DSPLIB_CM3\lib\libCMSIS_DSPLIB_CM3.a(arm_float_to_q31.o)
 .debug_aranges
                0x000008e8       0x20 C:\Users\nicol\OneDrive\Documentos\td2_ultimaV\CMSIS_DSPLIB_CM3\lib\libCMSIS_DSPLIB_CM3.a(arm_biquad_cascade_df1_init_q31.o)
 .debug_aranges
                0x00000908       0x20 C:\Users\nicol\OneDrive\Documentos\td2_ultimaV\CMSIS_DSPLIB_CM3\lib\libCMSIS_DSPLIB_CM3.a(arm_biquad_cascade_df1_q31.o)
 .debug_aranges
                0x00000928      0x160 C:\Users\nicol\OneDrive\Documentos\td2_ultimaV\lpc_board_nxp_lpcxpresso_1769\Debug\liblpc_board_nxp_lpcxpresso_1769.a(board.o)
 .debug_aranges
                0x00000a88       0x38 C:\Users\nicol\OneDrive\Documentos\td2_ultimaV\lpc_board_nxp_lpcxpresso_1769\Debug\liblpc_board_nxp_lpcxpresso_1769.a(board_sysinit.o)

.debug_ranges   0x00000000      0x8f8
 .debug_ranges  0x00000000       0x58 ./src/tasks/WATCHDOG/task-watchdog_lpc1769.o
 .debug_ranges  0x00000058       0x30 ./src/tasks/HEARTBEAT/task-heartbeat_lpc1769.o
 .debug_ranges  0x00000088       0x38 ./src/tasks/GPIOS/GpiosTask_lpc1769.o
 .debug_ranges  0x000000c0       0x30 ./src/tasks/DSP/filtrado.o
 .debug_ranges  0x000000f0       0x58 ./src/tasks/DISPLAY/DisplayTASK.o
 .debug_ranges  0x00000148       0xd0 ./src/tasks/DISPLAY/display_func.o
 .debug_ranges  0x00000218       0x20 ./src/tasks/DISPLAY/display_int.o
 .debug_ranges  0x00000238       0x10 ./src/tasks/CONTROL/ControlTask.o
 .debug_ranges  0x00000248       0x38 ./src/tasks/ADC_DAC/AdcTask_lpc1769.o
 .debug_ranges  0x00000280       0x68 ./src/tasks/ADC_DAC/i2s_hw_init.o
 .debug_ranges  0x000002e8       0x70 ./src/main/cr_startup_lpc175x_6x.o
 .debug_ranges  0x00000358       0x10 ./src/main/main.o
 .debug_ranges  0x00000368       0x98 ./src/c-tds/monittor_lpc1769.o
 .debug_ranges  0x00000400       0x70 ./src/c-tds/scheduler_lpc1769.o
 .debug_ranges  0x00000470       0x50 ./src/c-tds/system_lpc1769.o
 .debug_ranges  0x000004c0       0x10 ./src/sysinit.o
 .debug_ranges  0x000004d0       0x28 C:\Users\nicol\OneDrive\Documentos\td2_ultimaV\lpc_chip_175x_6x\Debug\liblpc_chip_175x_6x.a(chip_17xx_40xx.o)
 .debug_ranges  0x000004f8      0x110 C:\Users\nicol\OneDrive\Documentos\td2_ultimaV\lpc_chip_175x_6x\Debug\liblpc_chip_175x_6x.a(clock_17xx_40xx.o)
 .debug_ranges  0x00000608       0x50 C:\Users\nicol\OneDrive\Documentos\td2_ultimaV\lpc_chip_175x_6x\Debug\liblpc_chip_175x_6x.a(i2s_17xx_40xx.o)
 .debug_ranges  0x00000658       0x20 C:\Users\nicol\OneDrive\Documentos\td2_ultimaV\lpc_chip_175x_6x\Debug\liblpc_chip_175x_6x.a(iocon_17xx_40xx.o)
 .debug_ranges  0x00000678       0x50 C:\Users\nicol\OneDrive\Documentos\td2_ultimaV\lpc_chip_175x_6x\Debug\liblpc_chip_175x_6x.a(sysinit_17xx_40xx.o)
 .debug_ranges  0x000006c8       0x30 C:\Users\nicol\OneDrive\Documentos\td2_ultimaV\lpc_chip_175x_6x\Debug\liblpc_chip_175x_6x.a(timer_17xx_40xx.o)
 .debug_ranges  0x000006f8       0x18 C:\Users\nicol\OneDrive\Documentos\td2_ultimaV\lpc_chip_175x_6x\Debug\liblpc_chip_175x_6x.a(wwdt_17xx_40xx.o)
 .debug_ranges  0x00000710       0x50 C:\Users\nicol\OneDrive\Documentos\td2_ultimaV\CMSIS_DSPLIB_CM3\lib\libCMSIS_DSPLIB_CM3.a(arm_float_to_q31.o)
 .debug_ranges  0x00000760       0x10 C:\Users\nicol\OneDrive\Documentos\td2_ultimaV\CMSIS_DSPLIB_CM3\lib\libCMSIS_DSPLIB_CM3.a(arm_biquad_cascade_df1_init_q31.o)
 .debug_ranges  0x00000770       0x10 C:\Users\nicol\OneDrive\Documentos\td2_ultimaV\CMSIS_DSPLIB_CM3\lib\libCMSIS_DSPLIB_CM3.a(arm_biquad_cascade_df1_q31.o)
 .debug_ranges  0x00000780      0x150 C:\Users\nicol\OneDrive\Documentos\td2_ultimaV\lpc_board_nxp_lpcxpresso_1769\Debug\liblpc_board_nxp_lpcxpresso_1769.a(board.o)
 .debug_ranges  0x000008d0       0x28 C:\Users\nicol\OneDrive\Documentos\td2_ultimaV\lpc_board_nxp_lpcxpresso_1769\Debug\liblpc_board_nxp_lpcxpresso_1769.a(board_sysinit.o)

.debug_macro    0x00000000     0x8582
 .debug_macro   0x00000000      0x249 ./src/tasks/WATCHDOG/task-watchdog_lpc1769.o
 .debug_macro   0x00000249      0xa72 ./src/tasks/WATCHDOG/task-watchdog_lpc1769.o
 .debug_macro   0x00000cbb       0x10 ./src/tasks/WATCHDOG/task-watchdog_lpc1769.o
 .debug_macro   0x00000ccb      0x12d ./src/tasks/WATCHDOG/task-watchdog_lpc1769.o
 .debug_macro   0x00000df8      0x5b2 ./src/tasks/WATCHDOG/task-watchdog_lpc1769.o
 .debug_macro   0x000013aa       0x22 ./src/tasks/WATCHDOG/task-watchdog_lpc1769.o
 .debug_macro   0x000013cc       0x7b ./src/tasks/WATCHDOG/task-watchdog_lpc1769.o
 .debug_macro   0x00001447       0x10 ./src/tasks/WATCHDOG/task-watchdog_lpc1769.o
 .debug_macro   0x00001457       0x2d ./src/tasks/WATCHDOG/task-watchdog_lpc1769.o
 .debug_macro   0x00001484       0x3a ./src/tasks/WATCHDOG/task-watchdog_lpc1769.o
 .debug_macro   0x000014be       0x2d ./src/tasks/WATCHDOG/task-watchdog_lpc1769.o
 .debug_macro   0x000014eb      0xbb1 ./src/tasks/WATCHDOG/task-watchdog_lpc1769.o
 .debug_macro   0x0000209c      0x22c ./src/tasks/WATCHDOG/task-watchdog_lpc1769.o
 .debug_macro   0x000022c8       0x42 ./src/tasks/WATCHDOG/task-watchdog_lpc1769.o
 .debug_macro   0x0000230a       0x52 ./src/tasks/WATCHDOG/task-watchdog_lpc1769.o
 .debug_macro   0x0000235c       0x78 ./src/tasks/WATCHDOG/task-watchdog_lpc1769.o
 .debug_macro   0x000023d4       0x82 ./src/tasks/WATCHDOG/task-watchdog_lpc1769.o
 .debug_macro   0x00002456      0x48c ./src/tasks/WATCHDOG/task-watchdog_lpc1769.o
 .debug_macro   0x000028e2       0x34 ./src/tasks/WATCHDOG/task-watchdog_lpc1769.o
 .debug_macro   0x00002916      0x4c5 ./src/tasks/WATCHDOG/task-watchdog_lpc1769.o
 .debug_macro   0x00002ddb      0x1b7 ./src/tasks/WATCHDOG/task-watchdog_lpc1769.o
 .debug_macro   0x00002f92       0x10 ./src/tasks/WATCHDOG/task-watchdog_lpc1769.o
 .debug_macro   0x00002fa2      0x21b ./src/tasks/WATCHDOG/task-watchdog_lpc1769.o
 .debug_macro   0x000031bd      0x1b9 ./src/tasks/WATCHDOG/task-watchdog_lpc1769.o
 .debug_macro   0x00003376       0x40 ./src/tasks/WATCHDOG/task-watchdog_lpc1769.o
 .debug_macro   0x000033b6       0x22 ./src/tasks/WATCHDOG/task-watchdog_lpc1769.o
 .debug_macro   0x000033d8      0x162 ./src/tasks/WATCHDOG/task-watchdog_lpc1769.o
 .debug_macro   0x0000353a       0x94 ./src/tasks/WATCHDOG/task-watchdog_lpc1769.o
 .debug_macro   0x000035ce       0xb8 ./src/tasks/WATCHDOG/task-watchdog_lpc1769.o
 .debug_macro   0x00003686       0x4c ./src/tasks/WATCHDOG/task-watchdog_lpc1769.o
 .debug_macro   0x000036d2       0x16 ./src/tasks/WATCHDOG/task-watchdog_lpc1769.o
 .debug_macro   0x000036e8      0x328 ./src/tasks/WATCHDOG/task-watchdog_lpc1769.o
 .debug_macro   0x00003a10       0x49 ./src/tasks/WATCHDOG/task-watchdog_lpc1769.o
 .debug_macro   0x00003a59       0x16 ./src/tasks/WATCHDOG/task-watchdog_lpc1769.o
 .debug_macro   0x00003a6f       0xca ./src/tasks/WATCHDOG/task-watchdog_lpc1769.o
 .debug_macro   0x00003b39       0x18 ./src/tasks/WATCHDOG/task-watchdog_lpc1769.o
 .debug_macro   0x00003b51       0x76 ./src/tasks/WATCHDOG/task-watchdog_lpc1769.o
 .debug_macro   0x00003bc7       0x9a ./src/tasks/WATCHDOG/task-watchdog_lpc1769.o
 .debug_macro   0x00003c61       0x20 ./src/tasks/WATCHDOG/task-watchdog_lpc1769.o
 .debug_macro   0x00003c81       0x28 ./src/tasks/WATCHDOG/task-watchdog_lpc1769.o
 .debug_macro   0x00003ca9       0x40 ./src/tasks/WATCHDOG/task-watchdog_lpc1769.o
 .debug_macro   0x00003ce9       0x22 ./src/tasks/WATCHDOG/task-watchdog_lpc1769.o
 .debug_macro   0x00003d0b      0x140 ./src/tasks/WATCHDOG/task-watchdog_lpc1769.o
 .debug_macro   0x00003e4b       0x28 ./src/tasks/WATCHDOG/task-watchdog_lpc1769.o
 .debug_macro   0x00003e73      0x25c ./src/tasks/HEARTBEAT/task-heartbeat_lpc1769.o
 .debug_macro   0x000040cf      0x226 ./src/tasks/GPIOS/GpiosTask_lpc1769.o
 .debug_macro   0x000042f5       0x3a ./src/tasks/GPIOS/GpiosTask_lpc1769.o
 .debug_macro   0x0000432f       0xa8 ./src/tasks/DSP/filtrado.o
 .debug_macro   0x000043d7       0x10 ./src/tasks/DSP/filtrado.o
 .debug_macro   0x000043e7       0x12 ./src/tasks/DSP/filtrado.o
 .debug_macro   0x000043f9       0xc4 ./src/tasks/DSP/filtrado.o
 .debug_macro   0x000044bd       0xb3 ./src/tasks/DSP/filtrado.o
 .debug_macro   0x00004570       0x16 ./src/tasks/DSP/filtrado.o
 .debug_macro   0x00004586      0x253 ./src/tasks/DISPLAY/DisplayTASK.o
 .debug_macro   0x000047d9       0x16 ./src/tasks/DISPLAY/DisplayTASK.o
 .debug_macro   0x000047ef       0x70 ./src/tasks/DISPLAY/DisplayTASK.o
 .debug_macro   0x0000485f      0x1da ./src/tasks/DISPLAY/DisplayTASK.o
 .debug_macro   0x00004a39       0x17 ./src/tasks/DISPLAY/DisplayTASK.o
 .debug_macro   0x00004a50      0x249 ./src/tasks/DISPLAY/display_func.o
 .debug_macro   0x00004c99      0x249 ./src/tasks/DISPLAY/display_globales.o
 .debug_macro   0x00004ee2      0x249 ./src/tasks/DISPLAY/display_int.o
 .debug_macro   0x0000512b      0x249 ./src/tasks/DISPLAY/fonts.o
 .debug_macro   0x00005374      0x221 ./src/tasks/CONTROL/ControlTask.o
 .debug_macro   0x00005595      0x2cf ./src/tasks/ADC_DAC/AdcTask_lpc1769.o
 .debug_macro   0x00005864       0x74 ./src/tasks/ADC_DAC/AdcTask_lpc1769.o
 .debug_macro   0x000058d8       0x3a ./src/tasks/ADC_DAC/AdcTask_lpc1769.o
 .debug_macro   0x00005912      0x220 ./src/tasks/ADC_DAC/i2s_hw_init.o
 .debug_macro   0x00005b32       0x1d ./src/main/cr_startup_lpc175x_6x.o
 .debug_macro   0x00005b4f      0x240 ./src/main/main.o
 .debug_macro   0x00005d8f      0x240 ./src/c-tds/monittor_lpc1769.o
 .debug_macro   0x00005fcf      0x270 ./src/c-tds/scheduler_lpc1769.o
 .debug_macro   0x0000623f      0x2ff ./src/c-tds/system_lpc1769.o
 .debug_macro   0x0000653e       0x40 ./src/c-tds/system_lpc1769.o
 .debug_macro   0x0000657e      0x1ec ./src/c-tds/system_lpc1769.o
 .debug_macro   0x0000676a       0x1a ./src/crp.o
 .debug_macro   0x00006784       0x34 ./src/crp.o
 .debug_macro   0x000067b8      0x217 ./src/sysinit.o
 .debug_macro   0x000069cf      0x1cd C:\Users\nicol\OneDrive\Documentos\td2_ultimaV\lpc_chip_175x_6x\Debug\liblpc_chip_175x_6x.a(chip_17xx_40xx.o)
 .debug_macro   0x00006b9c      0xa66 C:\Users\nicol\OneDrive\Documentos\td2_ultimaV\lpc_chip_175x_6x\Debug\liblpc_chip_175x_6x.a(chip_17xx_40xx.o)
 .debug_macro   0x00007602      0x1cd C:\Users\nicol\OneDrive\Documentos\td2_ultimaV\lpc_chip_175x_6x\Debug\liblpc_chip_175x_6x.a(clock_17xx_40xx.o)
 .debug_macro   0x000077cf      0x1cd C:\Users\nicol\OneDrive\Documentos\td2_ultimaV\lpc_chip_175x_6x\Debug\liblpc_chip_175x_6x.a(i2s_17xx_40xx.o)
 .debug_macro   0x0000799c      0x1cd C:\Users\nicol\OneDrive\Documentos\td2_ultimaV\lpc_chip_175x_6x\Debug\liblpc_chip_175x_6x.a(iocon_17xx_40xx.o)
 .debug_macro   0x00007b69      0x1cd C:\Users\nicol\OneDrive\Documentos\td2_ultimaV\lpc_chip_175x_6x\Debug\liblpc_chip_175x_6x.a(sysinit_17xx_40xx.o)
 .debug_macro   0x00007d36      0x1cd C:\Users\nicol\OneDrive\Documentos\td2_ultimaV\lpc_chip_175x_6x\Debug\liblpc_chip_175x_6x.a(timer_17xx_40xx.o)
 .debug_macro   0x00007f03      0x1cd C:\Users\nicol\OneDrive\Documentos\td2_ultimaV\lpc_chip_175x_6x\Debug\liblpc_chip_175x_6x.a(wwdt_17xx_40xx.o)
 .debug_macro   0x000080d0      0x289 C:\Users\nicol\OneDrive\Documentos\td2_ultimaV\lpc_board_nxp_lpcxpresso_1769\Debug\liblpc_board_nxp_lpcxpresso_1769.a(board.o)
 .debug_macro   0x00008359       0x12 C:\Users\nicol\OneDrive\Documentos\td2_ultimaV\lpc_board_nxp_lpcxpresso_1769\Debug\liblpc_board_nxp_lpcxpresso_1769.a(board.o)
 .debug_macro   0x0000836b      0x217 C:\Users\nicol\OneDrive\Documentos\td2_ultimaV\lpc_board_nxp_lpcxpresso_1769\Debug\liblpc_board_nxp_lpcxpresso_1769.a(board_sysinit.o)

.debug_line     0x00000000     0xae1d
 .debug_line    0x00000000      0x6b1 ./src/tasks/WATCHDOG/task-watchdog_lpc1769.o
 .debug_line    0x000006b1      0x67c ./src/tasks/HEARTBEAT/task-heartbeat_lpc1769.o
 .debug_line    0x00000d2d      0x5e5 ./src/tasks/GPIOS/GpiosTask_lpc1769.o
 .debug_line    0x00001312      0x39f ./src/tasks/DSP/filtrado.o
 .debug_line    0x000016b1      0x79f ./src/tasks/DISPLAY/DisplayTASK.o
 .debug_line    0x00001e50      0x8cf ./src/tasks/DISPLAY/display_func.o
 .debug_line    0x0000271f      0x538 ./src/tasks/DISPLAY/display_globales.o
 .debug_line    0x00002c57      0x56d ./src/tasks/DISPLAY/display_int.o
 .debug_line    0x000031c4      0x52d ./src/tasks/DISPLAY/fonts.o
 .debug_line    0x000036f1      0x597 ./src/tasks/CONTROL/ControlTask.o
 .debug_line    0x00003c88      0x747 ./src/tasks/ADC_DAC/AdcTask_lpc1769.o
 .debug_line    0x000043cf      0x6dc ./src/tasks/ADC_DAC/i2s_hw_init.o
 .debug_line    0x00004aab       0xd8 ./src/main/cr_startup_lpc175x_6x.o
 .debug_line    0x00004b83      0x569 ./src/main/main.o
 .debug_line    0x000050ec      0x6fb ./src/c-tds/monittor_lpc1769.o
 .debug_line    0x000057e7      0x73b ./src/c-tds/scheduler_lpc1769.o
 .debug_line    0x00005f22      0x905 ./src/c-tds/system_lpc1769.o
 .debug_line    0x00006827       0xb1 ./src/crp.o
 .debug_line    0x000068d8      0x4f5 ./src/sysinit.o
 .debug_line    0x00006dcd      0x4c2 C:\Users\nicol\OneDrive\Documentos\td2_ultimaV\lpc_chip_175x_6x\Debug\liblpc_chip_175x_6x.a(chip_17xx_40xx.o)
 .debug_line    0x0000728f      0x73e C:\Users\nicol\OneDrive\Documentos\td2_ultimaV\lpc_chip_175x_6x\Debug\liblpc_chip_175x_6x.a(clock_17xx_40xx.o)
 .debug_line    0x000079cd      0x5d3 C:\Users\nicol\OneDrive\Documentos\td2_ultimaV\lpc_chip_175x_6x\Debug\liblpc_chip_175x_6x.a(i2s_17xx_40xx.o)
 .debug_line    0x00007fa0      0x4ae C:\Users\nicol\OneDrive\Documentos\td2_ultimaV\lpc_chip_175x_6x\Debug\liblpc_chip_175x_6x.a(iocon_17xx_40xx.o)
 .debug_line    0x0000844e      0x538 C:\Users\nicol\OneDrive\Documentos\td2_ultimaV\lpc_chip_175x_6x\Debug\liblpc_chip_175x_6x.a(sysinit_17xx_40xx.o)
 .debug_line    0x00008986      0x4d3 C:\Users\nicol\OneDrive\Documentos\td2_ultimaV\lpc_chip_175x_6x\Debug\liblpc_chip_175x_6x.a(timer_17xx_40xx.o)
 .debug_line    0x00008e59      0x488 C:\Users\nicol\OneDrive\Documentos\td2_ultimaV\lpc_chip_175x_6x\Debug\liblpc_chip_175x_6x.a(wwdt_17xx_40xx.o)
 .debug_line    0x000092e1      0x46b C:\Users\nicol\OneDrive\Documentos\td2_ultimaV\CMSIS_DSPLIB_CM3\lib\libCMSIS_DSPLIB_CM3.a(arm_float_to_q31.o)
 .debug_line    0x0000974c      0x3e2 C:\Users\nicol\OneDrive\Documentos\td2_ultimaV\CMSIS_DSPLIB_CM3\lib\libCMSIS_DSPLIB_CM3.a(arm_biquad_cascade_df1_init_q31.o)
 .debug_line    0x00009b2e      0x50a C:\Users\nicol\OneDrive\Documentos\td2_ultimaV\CMSIS_DSPLIB_CM3\lib\libCMSIS_DSPLIB_CM3.a(arm_biquad_cascade_df1_q31.o)
 .debug_line    0x0000a038      0x8b0 C:\Users\nicol\OneDrive\Documentos\td2_ultimaV\lpc_board_nxp_lpcxpresso_1769\Debug\liblpc_board_nxp_lpcxpresso_1769.a(board.o)
 .debug_line    0x0000a8e8      0x535 C:\Users\nicol\OneDrive\Documentos\td2_ultimaV\lpc_board_nxp_lpcxpresso_1769\Debug\liblpc_board_nxp_lpcxpresso_1769.a(board_sysinit.o)

.debug_str      0x00000000    0x1634c
 .debug_str     0x00000000    0x11b72 ./src/tasks/WATCHDOG/task-watchdog_lpc1769.o
                              0x11c61 (size before relaxing)
 .debug_str     0x00011b72      0x10b ./src/tasks/HEARTBEAT/task-heartbeat_lpc1769.o
                              0x11af7 (size before relaxing)
 .debug_str     0x00011c7d      0x39f ./src/tasks/GPIOS/GpiosTask_lpc1769.o
                              0x11694 (size before relaxing)
 .debug_str     0x0001201c      0xb1e ./src/tasks/DSP/filtrado.o
                               0x51eb (size before relaxing)
 .debug_str     0x00012b3a      0x8c8 ./src/tasks/DISPLAY/DisplayTASK.o
                              0x11be2 (size before relaxing)
 .debug_str     0x00013402      0x51b ./src/tasks/DISPLAY/display_func.o
                              0x11f88 (size before relaxing)
 .debug_str     0x0001391d       0x28 ./src/tasks/DISPLAY/display_globales.o
                              0x11bc2 (size before relaxing)
 .debug_str     0x00013945       0x63 ./src/tasks/DISPLAY/display_int.o
                              0x11a8b (size before relaxing)
 .debug_str     0x000139a8       0x43 ./src/tasks/DISPLAY/fonts.o
                              0x11bdd (size before relaxing)
 .debug_str     0x000139eb       0xc8 ./src/tasks/CONTROL/ControlTask.o
                              0x11587 (size before relaxing)
 .debug_str     0x00013ab3      0x2cf ./src/tasks/ADC_DAC/AdcTask_lpc1769.o
                              0x128ff (size before relaxing)
 .debug_str     0x00013d82      0x5b0 ./src/tasks/ADC_DAC/i2s_hw_init.o
                              0x11c20 (size before relaxing)
 .debug_str     0x00014332      0x1db ./src/main/cr_startup_lpc175x_6x.o
                               0x2ed5 (size before relaxing)
 .debug_str     0x0001450d       0x18 ./src/main/main.o
                              0x119a6 (size before relaxing)
 .debug_str     0x00014525      0x1d5 ./src/c-tds/monittor_lpc1769.o
                              0x12317 (size before relaxing)
 .debug_str     0x000146fa      0x1f4 ./src/c-tds/scheduler_lpc1769.o
                              0x1213d (size before relaxing)
 .debug_str     0x000148ee      0x3a8 ./src/c-tds/system_lpc1769.o
                              0x13532 (size before relaxing)
 .debug_str     0x00014c96       0xe9 ./src/crp.o
                               0x2ddd (size before relaxing)
 .debug_str     0x00014d7f       0x1b ./src/sysinit.o
                              0x112b2 (size before relaxing)
 .debug_str     0x00014d9a      0x166 C:\Users\nicol\OneDrive\Documentos\td2_ultimaV\lpc_chip_175x_6x\Debug\liblpc_chip_175x_6x.a(chip_17xx_40xx.o)
                              0x112ff (size before relaxing)
 .debug_str     0x00014f00      0x5ce C:\Users\nicol\OneDrive\Documentos\td2_ultimaV\lpc_chip_175x_6x\Debug\liblpc_chip_175x_6x.a(clock_17xx_40xx.o)
                              0x1197d (size before relaxing)
 .debug_str     0x000154ce       0xb9 C:\Users\nicol\OneDrive\Documentos\td2_ultimaV\lpc_chip_175x_6x\Debug\liblpc_chip_175x_6x.a(i2s_17xx_40xx.o)
                              0x1141f (size before relaxing)
 .debug_str     0x00015587       0x98 C:\Users\nicol\OneDrive\Documentos\td2_ultimaV\lpc_chip_175x_6x\Debug\liblpc_chip_175x_6x.a(iocon_17xx_40xx.o)
                              0x10dfa (size before relaxing)
 .debug_str     0x0001561f       0xc4 C:\Users\nicol\OneDrive\Documentos\td2_ultimaV\lpc_chip_175x_6x\Debug\liblpc_chip_175x_6x.a(sysinit_17xx_40xx.o)
                              0x10fe2 (size before relaxing)
 .debug_str     0x000156e3      0x131 C:\Users\nicol\OneDrive\Documentos\td2_ultimaV\lpc_chip_175x_6x\Debug\liblpc_chip_175x_6x.a(timer_17xx_40xx.o)
                              0x1112b (size before relaxing)
 .debug_str     0x00015814       0x48 C:\Users\nicol\OneDrive\Documentos\td2_ultimaV\lpc_chip_175x_6x\Debug\liblpc_chip_175x_6x.a(wwdt_17xx_40xx.o)
                              0x10d6a (size before relaxing)
 .debug_str     0x0001585c      0x107 C:\Users\nicol\OneDrive\Documentos\td2_ultimaV\CMSIS_DSPLIB_CM3\lib\libCMSIS_DSPLIB_CM3.a(arm_float_to_q31.o)
                                0x1af (size before relaxing)
 .debug_str     0x00015963       0x64 C:\Users\nicol\OneDrive\Documentos\td2_ultimaV\CMSIS_DSPLIB_CM3\lib\libCMSIS_DSPLIB_CM3.a(arm_biquad_cascade_df1_init_q31.o)
                                0x1db (size before relaxing)
 .debug_str     0x000159c7       0x86 C:\Users\nicol\OneDrive\Documentos\td2_ultimaV\CMSIS_DSPLIB_CM3\lib\libCMSIS_DSPLIB_CM3.a(arm_biquad_cascade_df1_q31.o)
                                0x218 (size before relaxing)
 .debug_str     0x00015a4d      0x8a7 C:\Users\nicol\OneDrive\Documentos\td2_ultimaV\lpc_board_nxp_lpcxpresso_1769\Debug\liblpc_board_nxp_lpcxpresso_1769.a(board.o)
                              0x12175 (size before relaxing)
 .debug_str     0x000162f4       0x58 C:\Users\nicol\OneDrive\Documentos\td2_ultimaV\lpc_board_nxp_lpcxpresso_1769\Debug\liblpc_board_nxp_lpcxpresso_1769.a(board_sysinit.o)
                              0x116af (size before relaxing)

.comment        0x00000000       0xef
 .comment       0x00000000       0x7f ./src/tasks/WATCHDOG/task-watchdog_lpc1769.o
                                 0x80 (size before relaxing)
 .comment       0x0000007f       0x80 ./src/tasks/HEARTBEAT/task-heartbeat_lpc1769.o
 .comment       0x0000007f       0x80 ./src/tasks/GPIOS/GpiosTask_lpc1769.o
 .comment       0x0000007f       0x80 ./src/tasks/DSP/filtrado.o
 .comment       0x0000007f       0x80 ./src/tasks/DISPLAY/DisplayTASK.o
 .comment       0x0000007f       0x80 ./src/tasks/DISPLAY/display_func.o
 .comment       0x0000007f       0x80 ./src/tasks/DISPLAY/display_globales.o
 .comment       0x0000007f       0x80 ./src/tasks/DISPLAY/display_int.o
 .comment       0x0000007f       0x80 ./src/tasks/DISPLAY/fonts.o
 .comment       0x0000007f       0x80 ./src/tasks/CONTROL/ControlTask.o
 .comment       0x0000007f       0x80 ./src/tasks/ADC_DAC/AdcTask_lpc1769.o
 .comment       0x0000007f       0x80 ./src/tasks/ADC_DAC/i2s_hw_init.o
 .comment       0x0000007f       0x80 ./src/main/cr_startup_lpc175x_6x.o
 .comment       0x0000007f       0x80 ./src/main/main.o
 .comment       0x0000007f       0x80 ./src/c-tds/monittor_lpc1769.o
 .comment       0x0000007f       0x80 ./src/c-tds/scheduler_lpc1769.o
 .comment       0x0000007f       0x80 ./src/c-tds/system_lpc1769.o
 .comment       0x0000007f       0x80 ./src/crp.o
 .comment       0x0000007f       0x80 ./src/sysinit.o
 .comment       0x0000007f       0x80 C:\Users\nicol\OneDrive\Documentos\td2_ultimaV\lpc_chip_175x_6x\Debug\liblpc_chip_175x_6x.a(chip_17xx_40xx.o)
 .comment       0x0000007f       0x80 C:\Users\nicol\OneDrive\Documentos\td2_ultimaV\lpc_chip_175x_6x\Debug\liblpc_chip_175x_6x.a(clock_17xx_40xx.o)
 .comment       0x0000007f       0x80 C:\Users\nicol\OneDrive\Documentos\td2_ultimaV\lpc_chip_175x_6x\Debug\liblpc_chip_175x_6x.a(i2s_17xx_40xx.o)
 .comment       0x0000007f       0x80 C:\Users\nicol\OneDrive\Documentos\td2_ultimaV\lpc_chip_175x_6x\Debug\liblpc_chip_175x_6x.a(iocon_17xx_40xx.o)
 .comment       0x0000007f       0x80 C:\Users\nicol\OneDrive\Documentos\td2_ultimaV\lpc_chip_175x_6x\Debug\liblpc_chip_175x_6x.a(sysinit_17xx_40xx.o)
 .comment       0x0000007f       0x80 C:\Users\nicol\OneDrive\Documentos\td2_ultimaV\lpc_chip_175x_6x\Debug\liblpc_chip_175x_6x.a(timer_17xx_40xx.o)
 .comment       0x0000007f       0x80 C:\Users\nicol\OneDrive\Documentos\td2_ultimaV\lpc_chip_175x_6x\Debug\liblpc_chip_175x_6x.a(wwdt_17xx_40xx.o)
 .comment       0x0000007f       0x70 C:\Users\nicol\OneDrive\Documentos\td2_ultimaV\CMSIS_DSPLIB_CM3\lib\libCMSIS_DSPLIB_CM3.a(arm_float_to_q31.o)
                                 0x71 (size before relaxing)
 .comment       0x000000ef       0x71 C:\Users\nicol\OneDrive\Documentos\td2_ultimaV\CMSIS_DSPLIB_CM3\lib\libCMSIS_DSPLIB_CM3.a(arm_biquad_cascade_df1_init_q31.o)
 .comment       0x000000ef       0x71 C:\Users\nicol\OneDrive\Documentos\td2_ultimaV\CMSIS_DSPLIB_CM3\lib\libCMSIS_DSPLIB_CM3.a(arm_biquad_cascade_df1_q31.o)
 .comment       0x000000ef       0x80 C:\Users\nicol\OneDrive\Documentos\td2_ultimaV\lpc_board_nxp_lpcxpresso_1769\Debug\liblpc_board_nxp_lpcxpresso_1769.a(board.o)
 .comment       0x000000ef       0x80 C:\Users\nicol\OneDrive\Documentos\td2_ultimaV\lpc_board_nxp_lpcxpresso_1769\Debug\liblpc_board_nxp_lpcxpresso_1769.a(board_sysinit.o)
 .comment       0x000000ef       0x80 c:/nxp/mcuxpressoide_10.3.1_2233/ide/plugins/com.nxp.mcuxpresso.tools.win32_10.3.0.201811011841/tools/bin/../lib/gcc/arm-none-eabi/7.3.1/../../../../arm-none-eabi/lib/thumb/v7-m\libcr_c.a(memset.o)
 .comment       0x000000ef       0x80 c:/nxp/mcuxpressoide_10.3.1_2233/ide/plugins/com.nxp.mcuxpresso.tools.win32_10.3.0.201811011841/tools/bin/../lib/gcc/arm-none-eabi/7.3.1/../../../../arm-none-eabi/lib/thumb/v7-m\libcr_c.a(__weak__main.o)
 .comment       0x000000ef       0x80 c:/nxp/mcuxpressoide_10.3.1_2233/ide/plugins/com.nxp.mcuxpresso.tools.win32_10.3.0.201811011841/tools/bin/../lib/gcc/arm-none-eabi/7.3.1/thumb/v7-m\libcr_eabihelpers.a(float.o)

.ARM.attributes
                0x00000000       0x31
 .ARM.attributes
                0x00000000       0x33 ./src/tasks/WATCHDOG/task-watchdog_lpc1769.o
 .ARM.attributes
                0x00000033       0x33 ./src/tasks/HEARTBEAT/task-heartbeat_lpc1769.o
 .ARM.attributes
                0x00000066       0x33 ./src/tasks/GPIOS/GpiosTask_lpc1769.o
 .ARM.attributes
                0x00000099       0x33 ./src/tasks/DSP/filtrado.o
 .ARM.attributes
                0x000000cc       0x33 ./src/tasks/DISPLAY/DisplayTASK.o
 .ARM.attributes
                0x000000ff       0x33 ./src/tasks/DISPLAY/display_func.o
 .ARM.attributes
                0x00000132       0x33 ./src/tasks/DISPLAY/display_globales.o
 .ARM.attributes
                0x00000165       0x33 ./src/tasks/DISPLAY/display_int.o
 .ARM.attributes
                0x00000198       0x33 ./src/tasks/DISPLAY/fonts.o
 .ARM.attributes
                0x000001cb       0x33 ./src/tasks/CONTROL/ControlTask.o
 .ARM.attributes
                0x000001fe       0x33 ./src/tasks/ADC_DAC/AdcTask_lpc1769.o
 .ARM.attributes
                0x00000231       0x33 ./src/tasks/ADC_DAC/i2s_hw_init.o
 .ARM.attributes
                0x00000264       0x33 ./src/main/cr_startup_lpc175x_6x.o
 .ARM.attributes
                0x00000297       0x33 ./src/main/main.o
 .ARM.attributes
                0x000002ca       0x33 ./src/c-tds/monittor_lpc1769.o
 .ARM.attributes
                0x000002fd       0x33 ./src/c-tds/scheduler_lpc1769.o
 .ARM.attributes
                0x00000330       0x33 ./src/c-tds/system_lpc1769.o
 .ARM.attributes
                0x00000363       0x33 ./src/crp.o
 .ARM.attributes
                0x00000396       0x33 ./src/sysinit.o
 .ARM.attributes
                0x000003c9       0x33 C:\Users\nicol\OneDrive\Documentos\td2_ultimaV\lpc_chip_175x_6x\Debug\liblpc_chip_175x_6x.a(chip_17xx_40xx.o)
 .ARM.attributes
                0x000003fc       0x33 C:\Users\nicol\OneDrive\Documentos\td2_ultimaV\lpc_chip_175x_6x\Debug\liblpc_chip_175x_6x.a(clock_17xx_40xx.o)
 .ARM.attributes
                0x0000042f       0x33 C:\Users\nicol\OneDrive\Documentos\td2_ultimaV\lpc_chip_175x_6x\Debug\liblpc_chip_175x_6x.a(i2s_17xx_40xx.o)
 .ARM.attributes
                0x00000462       0x33 C:\Users\nicol\OneDrive\Documentos\td2_ultimaV\lpc_chip_175x_6x\Debug\liblpc_chip_175x_6x.a(iocon_17xx_40xx.o)
 .ARM.attributes
                0x00000495       0x33 C:\Users\nicol\OneDrive\Documentos\td2_ultimaV\lpc_chip_175x_6x\Debug\liblpc_chip_175x_6x.a(sysinit_17xx_40xx.o)
 .ARM.attributes
                0x000004c8       0x33 C:\Users\nicol\OneDrive\Documentos\td2_ultimaV\lpc_chip_175x_6x\Debug\liblpc_chip_175x_6x.a(timer_17xx_40xx.o)
 .ARM.attributes
                0x000004fb       0x33 C:\Users\nicol\OneDrive\Documentos\td2_ultimaV\lpc_chip_175x_6x\Debug\liblpc_chip_175x_6x.a(wwdt_17xx_40xx.o)
 .ARM.attributes
                0x0000052e       0x33 C:\Users\nicol\OneDrive\Documentos\td2_ultimaV\CMSIS_DSPLIB_CM3\lib\libCMSIS_DSPLIB_CM3.a(arm_float_to_q31.o)
 .ARM.attributes
                0x00000561       0x33 C:\Users\nicol\OneDrive\Documentos\td2_ultimaV\CMSIS_DSPLIB_CM3\lib\libCMSIS_DSPLIB_CM3.a(arm_biquad_cascade_df1_init_q31.o)
 .ARM.attributes
                0x00000594       0x33 C:\Users\nicol\OneDrive\Documentos\td2_ultimaV\CMSIS_DSPLIB_CM3\lib\libCMSIS_DSPLIB_CM3.a(arm_biquad_cascade_df1_q31.o)
 .ARM.attributes
                0x000005c7       0x33 C:\Users\nicol\OneDrive\Documentos\td2_ultimaV\lpc_board_nxp_lpcxpresso_1769\Debug\liblpc_board_nxp_lpcxpresso_1769.a(board.o)
 .ARM.attributes
                0x000005fa       0x33 C:\Users\nicol\OneDrive\Documentos\td2_ultimaV\lpc_board_nxp_lpcxpresso_1769\Debug\liblpc_board_nxp_lpcxpresso_1769.a(board_sysinit.o)
 .ARM.attributes
                0x0000062d       0x33 c:/nxp/mcuxpressoide_10.3.1_2233/ide/plugins/com.nxp.mcuxpresso.tools.win32_10.3.0.201811011841/tools/bin/../lib/gcc/arm-none-eabi/7.3.1/../../../../arm-none-eabi/lib/thumb/v7-m\libcr_c.a(memset.o)
 .ARM.attributes
                0x00000660       0x33 c:/nxp/mcuxpressoide_10.3.1_2233/ide/plugins/com.nxp.mcuxpresso.tools.win32_10.3.0.201811011841/tools/bin/../lib/gcc/arm-none-eabi/7.3.1/../../../../arm-none-eabi/lib/thumb/v7-m\libcr_c.a(__weak__main.o)
 .ARM.attributes
                0x00000693       0x21 c:/nxp/mcuxpressoide_10.3.1_2233/ide/plugins/com.nxp.mcuxpresso.tools.win32_10.3.0.201811011841/tools/bin/../lib/gcc/arm-none-eabi/7.3.1/thumb/v7-m\libcr_eabihelpers.a(division_64.o)
 .ARM.attributes
                0x000006b4       0x21 c:/nxp/mcuxpressoide_10.3.1_2233/ide/plugins/com.nxp.mcuxpresso.tools.win32_10.3.0.201811011841/tools/bin/../lib/gcc/arm-none-eabi/7.3.1/thumb/v7-m\libcr_eabihelpers.a(division_idiv0.o)
 .ARM.attributes
                0x000006d5       0x33 c:/nxp/mcuxpressoide_10.3.1_2233/ide/plugins/com.nxp.mcuxpresso.tools.win32_10.3.0.201811011841/tools/bin/../lib/gcc/arm-none-eabi/7.3.1/thumb/v7-m\libcr_eabihelpers.a(float.o)
 .ARM.attributes
                0x00000708       0x21 c:/nxp/mcuxpressoide_10.3.1_2233/ide/plugins/com.nxp.mcuxpresso.tools.win32_10.3.0.201811011841/tools/bin/../lib/gcc/arm-none-eabi/7.3.1/thumb/v7-m\libcr_eabihelpers.a(memcpy.o)

.debug_frame    0x00000000     0x24ec
 .debug_frame   0x00000000      0x188 ./src/tasks/WATCHDOG/task-watchdog_lpc1769.o
 .debug_frame   0x00000188       0xc4 ./src/tasks/HEARTBEAT/task-heartbeat_lpc1769.o
 .debug_frame   0x0000024c       0xe4 ./src/tasks/GPIOS/GpiosTask_lpc1769.o
 .debug_frame   0x00000330       0xd8 ./src/tasks/DSP/filtrado.o
 .debug_frame   0x00000408      0x17c ./src/tasks/DISPLAY/DisplayTASK.o
 .debug_frame   0x00000584      0x3d4 ./src/tasks/DISPLAY/display_func.o
 .debug_frame   0x00000958       0x7c ./src/tasks/DISPLAY/display_int.o
 .debug_frame   0x000009d4       0x34 ./src/tasks/CONTROL/ControlTask.o
 .debug_frame   0x00000a08       0xe8 ./src/tasks/ADC_DAC/AdcTask_lpc1769.o
 .debug_frame   0x00000af0      0x1f0 ./src/tasks/ADC_DAC/i2s_hw_init.o
 .debug_frame   0x00000ce0      0x170 ./src/main/cr_startup_lpc175x_6x.o
 .debug_frame   0x00000e50       0x2c ./src/main/main.o
 .debug_frame   0x00000e7c      0x2bc ./src/c-tds/monittor_lpc1769.o
 .debug_frame   0x00001138      0x1d0 ./src/c-tds/scheduler_lpc1769.o
 .debug_frame   0x00001308      0x150 ./src/c-tds/system_lpc1769.o
 .debug_frame   0x00001458       0x34 ./src/sysinit.o
 .debug_frame   0x0000148c       0x88 C:\Users\nicol\OneDrive\Documentos\td2_ultimaV\lpc_chip_175x_6x\Debug\liblpc_chip_175x_6x.a(chip_17xx_40xx.o)
 .debug_frame   0x00001514      0x490 C:\Users\nicol\OneDrive\Documentos\td2_ultimaV\lpc_chip_175x_6x\Debug\liblpc_chip_175x_6x.a(clock_17xx_40xx.o)
 .debug_frame   0x000019a4      0x170 C:\Users\nicol\OneDrive\Documentos\td2_ultimaV\lpc_chip_175x_6x\Debug\liblpc_chip_175x_6x.a(i2s_17xx_40xx.o)
 .debug_frame   0x00001b14       0x80 C:\Users\nicol\OneDrive\Documentos\td2_ultimaV\lpc_chip_175x_6x\Debug\liblpc_chip_175x_6x.a(iocon_17xx_40xx.o)
 .debug_frame   0x00001b94      0x12c C:\Users\nicol\OneDrive\Documentos\td2_ultimaV\lpc_chip_175x_6x\Debug\liblpc_chip_175x_6x.a(sysinit_17xx_40xx.o)
 .debug_frame   0x00001cc0       0xd0 C:\Users\nicol\OneDrive\Documentos\td2_ultimaV\lpc_chip_175x_6x\Debug\liblpc_chip_175x_6x.a(timer_17xx_40xx.o)
 .debug_frame   0x00001d90       0x60 C:\Users\nicol\OneDrive\Documentos\td2_ultimaV\lpc_chip_175x_6x\Debug\liblpc_chip_175x_6x.a(wwdt_17xx_40xx.o)
 .debug_frame   0x00001df0       0x38 C:\Users\nicol\OneDrive\Documentos\td2_ultimaV\CMSIS_DSPLIB_CM3\lib\libCMSIS_DSPLIB_CM3.a(arm_float_to_q31.o)
 .debug_frame   0x00001e28       0x2c C:\Users\nicol\OneDrive\Documentos\td2_ultimaV\CMSIS_DSPLIB_CM3\lib\libCMSIS_DSPLIB_CM3.a(arm_biquad_cascade_df1_init_q31.o)
 .debug_frame   0x00001e54       0x38 C:\Users\nicol\OneDrive\Documentos\td2_ultimaV\CMSIS_DSPLIB_CM3\lib\libCMSIS_DSPLIB_CM3.a(arm_biquad_cascade_df1_q31.o)
 .debug_frame   0x00001e8c      0x5d4 C:\Users\nicol\OneDrive\Documentos\td2_ultimaV\lpc_board_nxp_lpcxpresso_1769\Debug\liblpc_board_nxp_lpcxpresso_1769.a(board.o)
 .debug_frame   0x00002460       0x8c C:\Users\nicol\OneDrive\Documentos\td2_ultimaV\lpc_board_nxp_lpcxpresso_1769\Debug\liblpc_board_nxp_lpcxpresso_1769.a(board_sysinit.o)

.debug_loc      0x00000000      0x93c
 .debug_loc     0x00000000      0x21e C:\Users\nicol\OneDrive\Documentos\td2_ultimaV\CMSIS_DSPLIB_CM3\lib\libCMSIS_DSPLIB_CM3.a(arm_float_to_q31.o)
 .debug_loc     0x0000021e       0x8e C:\Users\nicol\OneDrive\Documentos\td2_ultimaV\CMSIS_DSPLIB_CM3\lib\libCMSIS_DSPLIB_CM3.a(arm_biquad_cascade_df1_init_q31.o)
 .debug_loc     0x000002ac      0x690 C:\Users\nicol\OneDrive\Documentos\td2_ultimaV\CMSIS_DSPLIB_CM3\lib\libCMSIS_DSPLIB_CM3.a(arm_biquad_cascade_df1_q31.o)

.debug_macinfo  0x00000000     0xdeff
 .debug_macinfo
                0x00000000     0x4a55 C:\Users\nicol\OneDrive\Documentos\td2_ultimaV\CMSIS_DSPLIB_CM3\lib\libCMSIS_DSPLIB_CM3.a(arm_float_to_q31.o)
 .debug_macinfo
                0x00004a55     0x4a55 C:\Users\nicol\OneDrive\Documentos\td2_ultimaV\CMSIS_DSPLIB_CM3\lib\libCMSIS_DSPLIB_CM3.a(arm_biquad_cascade_df1_init_q31.o)
 .debug_macinfo
                0x000094aa     0x4a55 C:\Users\nicol\OneDrive\Documentos\td2_ultimaV\CMSIS_DSPLIB_CM3\lib\libCMSIS_DSPLIB_CM3.a(arm_biquad_cascade_df1_q31.o)
